Archive member included because of file (symbol)

c:/devkitPro/libogc/lib/wii\libwiiuse.a(wpad.o)
                              template.o (WPAD_Init)
c:/devkitPro/libogc/lib/wii\libwiiuse.a(motion_plus.o)
                              c:/devkitPro/libogc/lib/wii\libwiiuse.a(wpad.o) (wiiuse_set_motion_plus)
c:/devkitPro/libogc/lib/wii\libwiiuse.a(dynamics.o)
                              c:/devkitPro/libogc/lib/wii\libwiiuse.a(wpad.o) (calculate_gforce)
c:/devkitPro/libogc/lib/wii\libwiiuse.a(io.o)
                              c:/devkitPro/libogc/lib/wii\libwiiuse.a(motion_plus.o) (wiiuse_disable_expansion)
c:/devkitPro/libogc/lib/wii\libwiiuse.a(io_wii.o)
                              c:/devkitPro/libogc/lib/wii\libwiiuse.a(wpad.o) (__wiiuse_sensorbar_enable)
c:/devkitPro/libogc/lib/wii\libwiiuse.a(ir.o)
                              c:/devkitPro/libogc/lib/wii\libwiiuse.a(motion_plus.o) (wiiuse_set_ir_mode)
c:/devkitPro/libogc/lib/wii\libwiiuse.a(nunchuk.o)
                              c:/devkitPro/libogc/lib/wii\libwiiuse.a(io.o) (nunchuk_handshake)
c:/devkitPro/libogc/lib/wii\libwiiuse.a(wiiboard.o)
                              c:/devkitPro/libogc/lib/wii\libwiiuse.a(io.o) (wii_board_handshake)
c:/devkitPro/libogc/lib/wii\libwiiuse.a(wiiuse.o)
                              c:/devkitPro/libogc/lib/wii\libwiiuse.a(wpad.o) (wiiuse_init)
c:/devkitPro/libogc/lib/wii\libwiiuse.a(speaker.o)
                              c:/devkitPro/libogc/lib/wii\libwiiuse.a(wpad.o) (wencdata)
c:/devkitPro/libogc/lib/wii\libwiiuse.a(classic.o)
                              c:/devkitPro/libogc/lib/wii\libwiiuse.a(io.o) (classic_ctrl_handshake)
c:/devkitPro/libogc/lib/wii\libwiiuse.a(events.o)
                              c:/devkitPro/libogc/lib/wii\libwiiuse.a(io_wii.o) (parse_event)
c:/devkitPro/libogc/lib/wii\libwiiuse.a(guitar_hero_3.o)
                              c:/devkitPro/libogc/lib/wii\libwiiuse.a(io.o) (guitar_hero_3_handshake)
c:/devkitPro/libogc/lib/wii\libbte.a(bte.o)
                              c:/devkitPro/libogc/lib/wii\libwiiuse.a(wpad.o) (BTE_Init)
c:/devkitPro/libogc/lib/wii\libbte.a(hci.o)
                              c:/devkitPro/libogc/lib/wii\libbte.a(bte.o) (hci_init)
c:/devkitPro/libogc/lib/wii\libbte.a(l2cap.o)
                              c:/devkitPro/libogc/lib/wii\libbte.a(bte.o) (l2cap_init)
c:/devkitPro/libogc/lib/wii\libbte.a(btmemb.o)
                              c:/devkitPro/libogc/lib/wii\libbte.a(bte.o) (btmemb_init)
c:/devkitPro/libogc/lib/wii\libbte.a(btmemr.o)
                              c:/devkitPro/libogc/lib/wii\libbte.a(hci.o) (btmemr_init)
c:/devkitPro/libogc/lib/wii\libbte.a(btpbuf.o)
                              c:/devkitPro/libogc/lib/wii\libbte.a(hci.o) (btpbuf_init)
c:/devkitPro/libogc/lib/wii\libbte.a(physbusif.o)
                              c:/devkitPro/libogc/lib/wii\libbte.a(bte.o) (physbusif_init)
c:/devkitPro/libogc/lib/wii\libogc.a(console.o)
                              template.o (CON_Init)
c:/devkitPro/libogc/lib/wii\libogc.a(lwp_queue.o)
                              c:/devkitPro/libogc/lib/wii\libwiiuse.a(io_wii.o) (__lwp_queue_initialize)
c:/devkitPro/libogc/lib/wii\libogc.a(lwp_threads.o)
                              c:/devkitPro/libogc/lib/wii\libwiiuse.a(wpad.o) (_thread_dispatch_disable_level)
c:/devkitPro/libogc/lib/wii\libogc.a(lwp.o)
                              c:/devkitPro/libogc/lib/wii\libbte.a(bte.o) (LWP_InitQueue)
c:/devkitPro/libogc/lib/wii\libogc.a(lwp_handler.o)
                              c:/devkitPro/libogc/lib/wii\libogc.a(lwp_threads.o) (_cpu_context_save_fp)
c:/devkitPro/libogc/lib/wii\libogc.a(lwp_stack.o)
                              c:/devkitPro/libogc/lib/wii\libogc.a(lwp_threads.o) (__lwp_stack_allocate)
c:/devkitPro/libogc/lib/wii\libogc.a(lwp_watchdog.o)
                              c:/devkitPro/libogc/lib/wii\libogc.a(lwp_threads.o) (_wd_ticks_queue)
c:/devkitPro/libogc/lib/wii\libogc.a(lwp_wkspace.o)
                              c:/devkitPro/libogc/lib/wii\libwiiuse.a(io.o) (__wkspace_heap)
c:/devkitPro/libogc/lib/wii\libogc.a(lwp_objmgr.o)
                              c:/devkitPro/libogc/lib/wii\libogc.a(lwp.o) (__lwp_objmgr_initinfo)
c:/devkitPro/libogc/lib/wii\libogc.a(lwp_heap.o)
                              c:/devkitPro/libogc/lib/wii\libogc.a(lwp_wkspace.o) (__lwp_heap_init)
c:/devkitPro/libogc/lib/wii\libogc.a(sys_state.o)
                              c:/devkitPro/libogc/lib/wii\libogc.a(lwp_threads.o) (_sys_state_curr)
c:/devkitPro/libogc/lib/wii\libogc.a(irq.o)
                              c:/devkitPro/libogc/lib/wii\libwiiuse.a(io_wii.o) (IRQ_Disable)
c:/devkitPro/libogc/lib/wii\libogc.a(video.o)
                              c:/devkitPro/libogc/lib/wii\libogc.a(console.o) (VIDEO_GetCurrentFramebuffer)
c:/devkitPro/libogc/lib/wii\libogc.a(system.o)
                              c:/devkitPro/libogc/lib/wii\libwiiuse.a(wpad.o) (__SYS_DoPowerCB)
c:/devkitPro/libogc/lib/wii\libogc.a(system_asm.o)
[...]
Memory Configuration

Name             Origin             Length             Attributes
*default*        0x00000000         0xffffffff

Linker script and memory map

                0x00003400                . = 0x3400

.stub
 *(.stub)
                0x80004000                . = 0x80004000

.init           0x80004000      0x194
 *crt0.o(*.init)
 .init          0x80004000      0x170 c:/devkitPro/libogc/lib/wii\libogc.a(ogc_crt0.o)
                0x80004000                _start
                0x80004140                _memset
 *(.init)
 .init          0x80004170        0xc c:/devkitpro/devkitppc/bin/../lib/gcc/powerpc-eabi/4.6.3/ecrti.o
                0x80004170                __init
 .init          0x8000417c        0x4 c:/devkitpro/devkitppc/bin/../lib/gcc/powerpc-eabi/4.6.3/crtbegin.o
 .init          0x80004180        0x4 c:/devkitpro/devkitppc/bin/../lib/gcc/powerpc-eabi/4.6.3/crtend.o
 .init          0x80004184       0x10 c:/devkitpro/devkitppc/bin/../lib/gcc/powerpc-eabi/4.6.3/ecrtn.o

.rela.dyn       0x80004194        0x0
 .rela.iplt     0x00000000        0x0 c:/devkitpro/devkitppc/bin/../lib/gcc/powerpc-eabi/4.6.3/crtbegin.o

.plt
 *(.plt)

.interp
 *(.interp)

.hash
 *(.hash)

.dynsym
 *(.dynsym)

.dynstr
 *(.dynstr)

.gnu.version
 *(.gnu.version)

.gnu.version_d
 *(.gnu.version_d)

.gnu.version_r
 *(.gnu.version_r)

.rel.init
 *(.rel.init)

.rela.init      0x80004194        0x0
 *(.rela.init)
 .rela.init     0x00000000        0x0 c:/devkitpro/devkitppc/bin/../lib/gcc/powerpc-eabi/4.6.3/crtbegin.o

.rel.text
 *(.rel.text .rel.text.* .rel.gnu.linkonce.t.*)

.rela.text      0x80004194        0x0
 *(.rela.text .rela.text.* .rela.gnu.linkonce.t.*)
 .rela.text     0x00000000        0x0 c:/devkitpro/devkitppc/bin/../lib/gcc/powerpc-eabi/4.6.3/crtbegin.o
 .rela.text.wiiuse_handshake_expansion
                0x00000000        0x0 c:/devkitpro/devkitppc/bin/../lib/gcc/powerpc-eabi/4.6.3/crtbegin.o
 .rela.text.wiiuse_handshake
                0x00000000        0x0 c:/devkitpro/devkitppc/bin/../lib/gcc/powerpc-eabi/4.6.3/crtbegin.o
 .rela.text.wiiuse_init_cmd_queue
                0x00000000        0x0 c:/devkitpro/devkitppc/bin/../lib/gcc/powerpc-eabi/4.6.3/crtbegin.o
 .rela.text.wiiuse_init
                0x00000000        0x0 c:/devkitpro/devkitppc/bin/../lib/gcc/powerpc-eabi/4.6.3/crtbegin.o
 .rela.text.bt_alarmhandler
                0x00000000        0x0 c:/devkitpro/devkitppc/bin/../lib/gcc/powerpc-eabi/4.6.3/crtbegin.o
 .rela.text.__console_init
                0x00000000        0x0 c:/devkitpro/devkitppc/bin/../lib/gcc/powerpc-eabi/4.6.3/crtbegin.o
 .rela.text.__console_init_ex
                0x00000000        0x0 c:/devkitpro/devkitppc/bin/../lib/gcc/powerpc-eabi/4.6.3/crtbegin.o
 .rela.text.CON_EnableGecko
                0x00000000        0x0 c:/devkitpro/devkitppc/bin/../lib/gcc/powerpc-eabi/4.6.3/crtbegin.o
 .rela.text.__lwp_thread_calcheir
                0x00000000        0x0 c:/devkitpro/devkitppc/bin/../lib/gcc/powerpc-eabi/4.6.3/crtbegin.o
 .rela.text.__lwp_wd_insert_ticks.constprop.4
                0x00000000        0x0 c:/devkitpro/devkitppc/bin/../lib/gcc/powerpc-eabi/4.6.3/crtbegin.o
 .rela.text.__lwp_rotate_readyqueue
                0x00000000        0x0 c:/devkitpro/devkitppc/bin/../lib/gcc/powerpc-eabi/4.6.3/crtbegin.o
 .rela.text.__lwp_thread_setpriority
                0x00000000        0x0 c:/devkitpro/devkitppc/bin/../lib/gcc/powerpc-eabi/4.6.3/crtbegin.o
 .rela.text.__lwp_thread_close
                0x00000000        0x0 c:/devkitpro/devkitppc/bin/../lib/gcc/powerpc-eabi/4.6.3/crtbegin.o
 .rela.text.__lwp_thread_closeall
                0x00000000        0x0 c:/devkitpro/devkitppc/bin/../lib/gcc/powerpc-eabi/4.6.3/crtbegin.o
 .rela.text.__lwp_thread_startmultitasking
                0x00000000        0x0 c:/devkitpro/devkitppc/bin/../lib/gcc/powerpc-eabi/4.6.3/crtbegin.o
 .rela.text.__lwp_thread_stopmultitasking
                0x00000000        0x0 c:/devkitpro/devkitppc/bin/../lib/gcc/powerpc-eabi/4.6.3/crtbegin.o
 .rela.text.__lwp_thread_coreinit
                0x00000000        0x0 c:/devkitpro/devkitppc/bin/../lib/gcc/powerpc-eabi/4.6.3/crtbegin.o
 .rela.text.__lwp_cntrl_free
                0x00000000        0x0 c:/devkitpro/devkitppc/bin/../lib/gcc/powerpc-eabi/4.6.3/crtbegin.o
 .rela.text.__lwp_tqueue_open
                0x00000000        0x0 c:/devkitpro/devkitppc/bin/../lib/gcc/powerpc-eabi/4.6.3/crtbegin.o
 .rela.text.__lwp_cntrl_open
                0x00000000        0x0 c:/devkitpro/devkitppc/bin/../lib/gcc/powerpc-eabi/4.6.3/crtbegin.o
 .rela.text.__lwp_sysinit
                0x00000000        0x0 c:/devkitpro/devkitppc/bin/../lib/gcc/powerpc-eabi/4.6.3/crtbegin.o
 .rela.text.__lwp_thread_isalive
                0x00000000        0x0 c:/devkitpro/devkitppc/bin/../lib/gcc/powerpc-eabi/4.6.3/crtbegin.o
 .rela.text.__lwp_thread_exists
                0x00000000        0x0 c:/devkitpro/devkitppc/bin/../lib/gcc/powerpc-eabi/4.6.3/crtbegin.o
 .rela.text.__lwp_thread_context
                0x00000000        0x0 c:/devkitpro/devkitppc/bin/../lib/gcc/powerpc-eabi/4.6.3/crtbegin.o
 .rela.text.LWP_CreateThread
                0x00000000        0x0 c:/devkitpro/devkitppc/bin/../lib/gcc/powerpc-eabi/4.6.3/crtbegin.o
 .rela.text.LWP_InitQueue
                0x00000000        0x0 c:/devkitpro/devkitppc/bin/../lib/gcc/powerpc-eabi/4.6.3/crtbegin.o
 .rela.text.LWP_CloseQueue
                0x00000000        0x0 c:/devkitpro/devkitppc/bin/../lib/gcc/powerpc-eabi/4.6.3/crtbegin.o
 .rela.text.__lwp_stack_allocate
                0x00000000        0x0 c:/devkitpro/devkitppc/bin/../lib/gcc/powerpc-eabi/4.6.3/crtbegin.o
 .rela.text.__lwp_stack_free
                0x00000000        0x0 c:/devkitpro/devkitppc/bin/../lib/gcc/powerpc-eabi/4.6.3/crtbegin.o
 .rela.text.__lwp_watchdog_init
                0x00000000        0x0 c:/devkitpro/devkitppc/bin/../lib/gcc/powerpc-eabi/4.6.3/crtbegin.o
 .rela.text.__lwp_wd_tickle
                0x00000000        0x0 c:/devkitpro/devkitppc/bin/../lib/gcc/powerpc-eabi/4.6.3/crtbegin.o
 .rela.text.__lwp_wkspace_heapfree
                0x00000000        0x0 c:/devkitpro/devkitppc/bin/../lib/gcc/powerpc-eabi/4.6.3/crtbegin.o
 .rela.text.__lwp_wkspace_heapused
                0x00000000        0x0 c:/devkitpro/devkitppc/bin/../lib/gcc/powerpc-eabi/4.6.3/crtbegin.o
 .rela.text.__lwp_wkspace_init
                0x00000000        0x0 c:/devkitpro/devkitppc/bin/../lib/gcc/powerpc-eabi/4.6.3/crtbegin.o
 .rela.text.__lwp_objmgr_initinfo
                0x00000000        0x0 c:/devkitpro/devkitppc/bin/../lib/gcc/powerpc-eabi/4.6.3/crtbegin.o
 .rela.text.__irq_init
                0x00000000        0x0 c:/devkitpro/devkitppc/bin/../lib/gcc/powerpc-eabi/4.6.3/crtbegin.o
 .rela.text.__call_resetfuncs
                0x00000000        0x0 c:/devkitpro/devkitppc/bin/../lib/gcc/powerpc-eabi/4.6.3/crtbegin.o
 .rela.text.__locksram
                0x00000000        0x0 c:/devkitpro/devkitppc/bin/../lib/gcc/powerpc-eabi/4.6.3/crtbegin.o
 .rela.text.__lwp_wd_insert_ticks
                0x00000000        0x0 c:/devkitpro/devkitppc/bin/../lib/gcc/powerpc-eabi/4.6.3/crtbegin.o
 .rela.text.__unlocksram
                0x00000000        0x0 c:/devkitpro/devkitppc/bin/../lib/gcc/powerpc-eabi/4.6.3/crtbegin.o
 .rela.text.__sram_writecallback
                0x00000000        0x0 c:/devkitpro/devkitppc/bin/../lib/gcc/powerpc-eabi/4.6.3/crtbegin.o
 .rela.text.__sram_init
                0x00000000        0x0 c:/devkitpro/devkitppc/bin/../lib/gcc/powerpc-eabi/4.6.3/crtbegin.o
 .rela.text.__SYS_SyncSram
                0x00000000        0x0 c:/devkitpro/devkitppc/bin/../lib/gcc/powerpc-eabi/4.6.3/crtbegin.o
 .rela.text.SYS_Init
                0x00000000        0x0 c:/devkitpro/devkitppc/bin/../lib/gcc/powerpc-eabi/4.6.3/crtbegin.o
 .rela.text.SYS_RemoveAlarm
                0x00000000        0x0 c:/devkitpro/devkitppc/bin/../lib/gcc/powerpc-eabi/4.6.3/crtbegin.o
 .rela.text.SYS_CancelAlarm
                0x00000000        0x0 c:/devkitpro/devkitppc/bin/../lib/gcc/powerpc-eabi/4.6.3/crtbegin.o
 .rela.text.__lwp_cond_open
                0x00000000        0x0 c:/devkitpro/devkitppc/bin/../lib/gcc/powerpc-eabi/4.6.3/crtbegin.o
 .rela.text.__lwp_cond_init
                0x00000000        0x0 c:/devkitpro/devkitppc/bin/../lib/gcc/powerpc-eabi/4.6.3/crtbegin.o
 .rela.text.LWP_CondInit
                0x00000000        0x0 c:/devkitpro/devkitppc/bin/../lib/gcc/powerpc-eabi/4.6.3/crtbegin.o
 .rela.text.LWP_CondDestroy
                0x00000000        0x0 c:/devkitpro/devkitppc/bin/../lib/gcc/powerpc-eabi/4.6.3/crtbegin.o
 .rela.text.c_decrementer_handler
                0x00000000        0x0 c:/devkitpro/devkitppc/bin/../lib/gcc/powerpc-eabi/4.6.3/crtbegin.o
 .rela.text.__lwp_mqbox_free
                0x00000000        0x0 c:/devkitpro/devkitppc/bin/../lib/gcc/powerpc-eabi/4.6.3/crtbegin.o
 .rela.text.__lwp_mqbox_open
                0x00000000        0x0 c:/devkitpro/devkitppc/bin/../lib/gcc/powerpc-eabi/4.6.3/crtbegin.o
 .rela.text.__lwp_mqbox_init
                0x00000000        0x0 c:/devkitpro/devkitppc/bin/../lib/gcc/powerpc-eabi/4.6.3/crtbegin.o
 .rela.text.MQ_Init
                0x00000000        0x0 c:/devkitpro/devkitppc/bin/../lib/gcc/powerpc-eabi/4.6.3/crtbegin.o
 .rela.text.__ios_ioctlvformat_parse
                0x00000000        0x0 c:/devkitpro/devkitppc/bin/../lib/gcc/powerpc-eabi/4.6.3/crtbegin.o
 .rela.text.__ioctlvfmtCB
                0x00000000        0x0 c:/devkitpro/devkitppc/bin/../lib/gcc/powerpc-eabi/4.6.3/crtbegin.o
 .rela.text.IOS_IoctlvFormat
                0x00000000        0x0 c:/devkitpro/devkitppc/bin/../lib/gcc/powerpc-eabi/4.6.3/crtbegin.o
 .rela.text.IOS_IoctlvFormatAsync
                0x00000000        0x0 c:/devkitpro/devkitppc/bin/../lib/gcc/powerpc-eabi/4.6.3/crtbegin.o
 .rela.text.nanosleep
                0x00000000        0x0 c:/devkitpro/devkitppc/bin/../lib/gcc/powerpc-eabi/4.6.3/crtbegin.o
 .rela.text.__libc_delete_hook
                0x00000000        0x0 c:/devkitpro/devkitppc/bin/../lib/gcc/powerpc-eabi/4.6.3/crtbegin.o
 .rela.text.__libc_init
                0x00000000        0x0 c:/devkitpro/devkitppc/bin/../lib/gcc/powerpc-eabi/4.6.3/crtbegin.o
 .rela.text.__libc_wrapup
                0x00000000        0x0 c:/devkitpro/devkitppc/bin/../lib/gcc/powerpc-eabi/4.6.3/crtbegin.o
 .rela.text.__CheckARGV
                0x00000000        0x0 c:/devkitpro/devkitppc/bin/../lib/gcc/powerpc-eabi/4.6.3/crtbegin.o
 .rela.text.__lwp_priority_init
                0x00000000        0x0 c:/devkitpro/devkitppc/bin/../lib/gcc/powerpc-eabi/4.6.3/crtbegin.o
 .rela.text.__lwp_wd_remove_ticks
                0x00000000        0x0 c:/devkitpro/devkitppc/bin/../lib/gcc/powerpc-eabi/4.6.3/crtbegin.o
 .rela.text.__lwp_threadqueue_enqueue
                0x00000000        0x0 c:/devkitpro/devkitppc/bin/../lib/gcc/powerpc-eabi/4.6.3/crtbegin.o
 .rela.text.__lwpmq_initialize
                0x00000000        0x0 c:/devkitpro/devkitppc/bin/../lib/gcc/powerpc-eabi/4.6.3/crtbegin.o
 .rela.text.__lwpmq_close
                0x00000000        0x0 c:/devkitpro/devkitppc/bin/../lib/gcc/powerpc-eabi/4.6.3/crtbegin.o
 .rela.text.__systemcall_init
                0x00000000        0x0 c:/devkitpro/devkitppc/bin/../lib/gcc/powerpc-eabi/4.6.3/crtbegin.o
 .rela.text.__exception_init
                0x00000000        0x0 c:/devkitpro/devkitppc/bin/../lib/gcc/powerpc-eabi/4.6.3/crtbegin.o
 .rela.text.__exception_close
                0x00000000        0x0 c:/devkitpro/devkitppc/bin/../lib/gcc/powerpc-eabi/4.6.3/crtbegin.o
 .rela.text.__exception_sethandler
                0x00000000        0x0 c:/devkitpro/devkitppc/bin/../lib/gcc/powerpc-eabi/4.6.3/crtbegin.o
 .rela.text.__lwp_sema_open
                0x00000000        0x0 c:/devkitpro/devkitppc/bin/../lib/gcc/powerpc-eabi/4.6.3/crtbegin.o
 .rela.text.__lwp_sema_init
                0x00000000        0x0 c:/devkitpro/devkitppc/bin/../lib/gcc/powerpc-eabi/4.6.3/crtbegin.o
 .rela.text.LWP_SemInit
                0x00000000        0x0 c:/devkitpro/devkitppc/bin/../lib/gcc/powerpc-eabi/4.6.3/crtbegin.o
 .rela.text.LWP_SemDestroy
                0x00000000        0x0 c:/devkitpro/devkitppc/bin/../lib/gcc/powerpc-eabi/4.6.3/crtbegin.o
 .rela.text.__lwp_mutex_locksupp.constprop.7
                0x00000000        0x0 c:/devkitpro/devkitppc/bin/../lib/gcc/powerpc-eabi/4.6.3/crtbegin.o
 .rela.text.__lwp_mutex_init
                0x00000000        0x0 c:/devkitpro/devkitppc/bin/../lib/gcc/powerpc-eabi/4.6.3/crtbegin.o
 .rela.text.LWP_MutexInit
                0x00000000        0x0 c:/devkitpro/devkitppc/bin/../lib/gcc/powerpc-eabi/4.6.3/crtbegin.o
 .rela.text.LWP_MutexDestroy
                0x00000000        0x0 c:/devkitpro/devkitppc/bin/../lib/gcc/powerpc-eabi/4.6.3/crtbegin.o
 .rela.text.LWP_MutexUnlock
                0x00000000        0x0 c:/devkitpro/devkitppc/bin/../lib/gcc/powerpc-eabi/4.6.3/crtbegin.o
 .rela.text.__GX_FifoLink
                0x00000000        0x0 c:/devkitpro/devkitppc/bin/../lib/gcc/powerpc-eabi/4.6.3/crtbegin.o
 .rela.text.__GX_WriteFifoIntEnable
                0x00000000        0x0 c:/devkitpro/devkitppc/bin/../lib/gcc/powerpc-eabi/4.6.3/crtbegin.o
 .rela.text.__GX_FifoReadEnable
                0x00000000        0x0 c:/devkitpro/devkitppc/bin/../lib/gcc/powerpc-eabi/4.6.3/crtbegin.o
 .rela.text.__GX_FifoReadDisable
                0x00000000        0x0 c:/devkitpro/devkitppc/bin/../lib/gcc/powerpc-eabi/4.6.3/crtbegin.o
 .rela.text.__GX_InitRevBits
                0x00000000        0x0 c:/devkitpro/devkitppc/bin/../lib/gcc/powerpc-eabi/4.6.3/crtbegin.o
 .rela.text.__GXDefTexRegionCallback
                0x00000000        0x0 c:/devkitpro/devkitppc/bin/../lib/gcc/powerpc-eabi/4.6.3/crtbegin.o
 .rela.text.__GXDefTlutRegionCallback
                0x00000000        0x0 c:/devkitpro/devkitppc/bin/../lib/gcc/powerpc-eabi/4.6.3/crtbegin.o
 .rela.text.__GX_FlushTextureState
                0x00000000        0x0 c:/devkitpro/devkitppc/bin/../lib/gcc/powerpc-eabi/4.6.3/crtbegin.o
 .rela.text.__SetSURegs
                0x00000000        0x0 c:/devkitpro/devkitppc/bin/../lib/gcc/powerpc-eabi/4.6.3/crtbegin.o
 .rela.text.__SETVCDFMT
                0x00000000        0x0 c:/devkitpro/devkitppc/bin/../lib/gcc/powerpc-eabi/4.6.3/crtbegin.o
 .rela.text.__GX_SetMatrixIndex
                0x00000000        0x0 c:/devkitpro/devkitppc/bin/../lib/gcc/powerpc-eabi/4.6.3/crtbegin.o
 .rela.text.__GX_SetDirtyState
                0x00000000        0x0 c:/devkitpro/devkitppc/bin/../lib/gcc/powerpc-eabi/4.6.3/crtbegin.o
 .rela.text.__SETVCDATTR
                0x00000000        0x0 c:/devkitpro/devkitppc/bin/../lib/gcc/powerpc-eabi/4.6.3/crtbegin.o
 .rela.text.__GX_WriteFifoIntReset.constprop.6
                0x00000000        0x0 c:/devkitpro/devkitppc/bin/../lib/gcc/powerpc-eabi/4.6.3/crtbegin.o
 .rela.text.__GXCPInterruptHandler
                0x00000000        0x0 c:/devkitpro/devkitppc/bin/../lib/gcc/powerpc-eabi/4.6.3/crtbegin.o
 .rela.text.GX_Flush
                0x00000000        0x0 c:/devkitpro/devkitppc/bin/../lib/gcc/powerpc-eabi/4.6.3/crtbegin.o
 .rela.text.GX_EnableBreakPt
                0x00000000        0x0 c:/devkitpro/devkitppc/bin/../lib/gcc/powerpc-eabi/4.6.3/crtbegin.o
 .rela.text.GX_DisableBreakPt
                0x00000000        0x0 c:/devkitpro/devkitppc/bin/../lib/gcc/powerpc-eabi/4.6.3/crtbegin.o
 .rela.text.GX_AbortFrame
                0x00000000        0x0 c:/devkitpro/devkitppc/bin/../lib/gcc/powerpc-eabi/4.6.3/crtbegin.o
 .rela.text.GX_PixModeSync
                0x00000000        0x0 c:/devkitpro/devkitppc/bin/../lib/gcc/powerpc-eabi/4.6.3/crtbegin.o
 .rela.text.GX_SetMisc
                0x00000000        0x0 c:/devkitpro/devkitppc/bin/../lib/gcc/powerpc-eabi/4.6.3/crtbegin.o
 .rela.text.GX_SetCopyClamp
                0x00000000        0x0 c:/devkitpro/devkitppc/bin/../lib/gcc/powerpc-eabi/4.6.3/crtbegin.o
 .rela.text.GX_SetDispCopyGamma
                0x00000000        0x0 c:/devkitpro/devkitppc/bin/../lib/gcc/powerpc-eabi/4.6.3/crtbegin.o
 .rela.text.GX_SetDispCopyFrame2Field
                0x00000000        0x0 c:/devkitpro/devkitppc/bin/../lib/gcc/powerpc-eabi/4.6.3/crtbegin.o
 .rela.text.GX_SetDispCopyYScale
                0x00000000        0x0 c:/devkitpro/devkitppc/bin/../lib/gcc/powerpc-eabi/4.6.3/crtbegin.o
 .rela.text.GX_SetDispCopyDst
                0x00000000        0x0 c:/devkitpro/devkitppc/bin/../lib/gcc/powerpc-eabi/4.6.3/crtbegin.o
 .rela.text.GX_SetDispCopySrc
                0x00000000        0x0 c:/devkitpro/devkitppc/bin/../lib/gcc/powerpc-eabi/4.6.3/crtbegin.o
 .rela.text.GX_CopyDisp
                0x00000000        0x0 c:/devkitpro/devkitppc/bin/../lib/gcc/powerpc-eabi/4.6.3/crtbegin.o
 .rela.text.GX_CopyTex
                0x00000000        0x0 c:/devkitpro/devkitppc/bin/../lib/gcc/powerpc-eabi/4.6.3/crtbegin.o
 .rela.text.GX_SetTexCopySrc
                0x00000000        0x0 c:/devkitpro/devkitppc/bin/../lib/gcc/powerpc-eabi/4.6.3/crtbegin.o
 .rela.text.GX_SetTexCopyDst
                0x00000000        0x0 c:/devkitpro/devkitppc/bin/../lib/gcc/powerpc-eabi/4.6.3/crtbegin.o
 .rela.text.GX_BeginDispList
                0x00000000        0x0 c:/devkitpro/devkitppc/bin/../lib/gcc/powerpc-eabi/4.6.3/crtbegin.o
 .rela.text.GX_EndDispList
                0x00000000        0x0 c:/devkitpro/devkitppc/bin/../lib/gcc/powerpc-eabi/4.6.3/crtbegin.o
 .rela.text.GX_CallDispList
                0x00000000        0x0 c:/devkitpro/devkitppc/bin/../lib/gcc/powerpc-eabi/4.6.3/crtbegin.o
 .rela.text.GX_SetChanCtrl
                0x00000000        0x0 c:/devkitpro/devkitppc/bin/../lib/gcc/powerpc-eabi/4.6.3/crtbegin.o
 .rela.text.GX_SetChanAmbColor
                0x00000000        0x0 c:/devkitpro/devkitppc/bin/../lib/gcc/powerpc-eabi/4.6.3/crtbegin.o
 .rela.text.GX_SetChanMatColor
                0x00000000        0x0 c:/devkitpro/devkitppc/bin/../lib/gcc/powerpc-eabi/4.6.3/crtbegin.o
 .rela.text.GX_SetVtxDesc
                0x00000000        0x0 c:/devkitpro/devkitppc/bin/../lib/gcc/powerpc-eabi/4.6.3/crtbegin.o
 .rela.text.GX_SetVtxDescv
                0x00000000        0x0 c:/devkitpro/devkitppc/bin/../lib/gcc/powerpc-eabi/4.6.3/crtbegin.o
 .rela.text.GX_GetVtxDescv
                0x00000000        0x0 c:/devkitpro/devkitppc/bin/../lib/gcc/powerpc-eabi/4.6.3/crtbegin.o
 .rela.text.GX_SetVtxAttrFmt
                0x00000000        0x0 c:/devkitpro/devkitppc/bin/../lib/gcc/powerpc-eabi/4.6.3/crtbegin.o
 .rela.text.GX_SetVtxAttrFmtv
                0x00000000        0x0 c:/devkitpro/devkitppc/bin/../lib/gcc/powerpc-eabi/4.6.3/crtbegin.o
 .rela.text.GX_Begin
                0x00000000        0x0 c:/devkitpro/devkitppc/bin/../lib/gcc/powerpc-eabi/4.6.3/crtbegin.o
 .rela.text.GX_SetTexCoordGen2
                0x00000000        0x0 c:/devkitpro/devkitppc/bin/../lib/gcc/powerpc-eabi/4.6.3/crtbegin.o
 .rela.text.GX_SetCurrentMtx
                0x00000000        0x0 c:/devkitpro/devkitppc/bin/../lib/gcc/powerpc-eabi/4.6.3/crtbegin.o
 .rela.text.GX_SetNumTexGens
                0x00000000        0x0 c:/devkitpro/devkitppc/bin/../lib/gcc/powerpc-eabi/4.6.3/crtbegin.o
 .rela.text.GX_SetZMode
                0x00000000        0x0 c:/devkitpro/devkitppc/bin/../lib/gcc/powerpc-eabi/4.6.3/crtbegin.o
 .rela.text.GX_LoadTexObjPreloaded
                0x00000000        0x0 c:/devkitpro/devkitppc/bin/../lib/gcc/powerpc-eabi/4.6.3/crtbegin.o
 .rela.text.GX_SetTexCoordScaleManually
                0x00000000        0x0 c:/devkitpro/devkitppc/bin/../lib/gcc/powerpc-eabi/4.6.3/crtbegin.o
 .rela.text.GX_SetTexCoordCylWrap
                0x00000000        0x0 c:/devkitpro/devkitppc/bin/../lib/gcc/powerpc-eabi/4.6.3/crtbegin.o
 .rela.text.GX_SetTexCoordBias
                0x00000000        0x0 c:/devkitpro/devkitppc/bin/../lib/gcc/powerpc-eabi/4.6.3/crtbegin.o
 .rela.text.GX_SetBlendMode
                0x00000000        0x0 c:/devkitpro/devkitppc/bin/../lib/gcc/powerpc-eabi/4.6.3/crtbegin.o
 .rela.text.GX_ClearVtxDesc
                0x00000000        0x0 c:/devkitpro/devkitppc/bin/../lib/gcc/powerpc-eabi/4.6.3/crtbegin.o
 .rela.text.GX_SetLineWidth
                0x00000000        0x0 c:/devkitpro/devkitppc/bin/../lib/gcc/powerpc-eabi/4.6.3/crtbegin.o
 .rela.text.GX_SetPointSize
                0x00000000        0x0 c:/devkitpro/devkitppc/bin/../lib/gcc/powerpc-eabi/4.6.3/crtbegin.o
 .rela.text.GX_SetTevColorIn
                0x00000000        0x0 c:/devkitpro/devkitppc/bin/../lib/gcc/powerpc-eabi/4.6.3/crtbegin.o
 .rela.text.GX_SetTevAlphaIn
                0x00000000        0x0 c:/devkitpro/devkitppc/bin/../lib/gcc/powerpc-eabi/4.6.3/crtbegin.o
 .rela.text.GX_SetTevColorOp
                0x00000000        0x0 c:/devkitpro/devkitppc/bin/../lib/gcc/powerpc-eabi/4.6.3/crtbegin.o
 .rela.text.GX_SetTevAlphaOp
                0x00000000        0x0 c:/devkitpro/devkitppc/bin/../lib/gcc/powerpc-eabi/4.6.3/crtbegin.o
 .rela.text.GX_SetCullMode
                0x00000000        0x0 c:/devkitpro/devkitppc/bin/../lib/gcc/powerpc-eabi/4.6.3/crtbegin.o
 .rela.text.GX_SetCoPlanar
                0x00000000        0x0 c:/devkitpro/devkitppc/bin/../lib/gcc/powerpc-eabi/4.6.3/crtbegin.o
 .rela.text.GX_EnableTexOffsets
                0x00000000        0x0 c:/devkitpro/devkitppc/bin/../lib/gcc/powerpc-eabi/4.6.3/crtbegin.o
 .rela.text.GX_SetScissor
                0x00000000        0x0 c:/devkitpro/devkitppc/bin/../lib/gcc/powerpc-eabi/4.6.3/crtbegin.o
 .rela.text.GX_SetNumChans
                0x00000000        0x0 c:/devkitpro/devkitppc/bin/../lib/gcc/powerpc-eabi/4.6.3/crtbegin.o
 .rela.text.GX_SetTevOrder
                0x00000000        0x0 c:/devkitpro/devkitppc/bin/../lib/gcc/powerpc-eabi/4.6.3/crtbegin.o
 .rela.text.GX_SetNumTevStages
                0x00000000        0x0 c:/devkitpro/devkitppc/bin/../lib/gcc/powerpc-eabi/4.6.3/crtbegin.o
 .rela.text.GX_SetTevKColorSel
                0x00000000        0x0 c:/devkitpro/devkitppc/bin/../lib/gcc/powerpc-eabi/4.6.3/crtbegin.o
 .rela.text.GX_SetTevKAlphaSel
                0x00000000        0x0 c:/devkitpro/devkitppc/bin/../lib/gcc/powerpc-eabi/4.6.3/crtbegin.o
 .rela.text.GX_SetTevSwapMode
                0x00000000        0x0 c:/devkitpro/devkitppc/bin/../lib/gcc/powerpc-eabi/4.6.3/crtbegin.o
 .rela.text.GX_SetTevSwapModeTable
                0x00000000        0x0 c:/devkitpro/devkitppc/bin/../lib/gcc/powerpc-eabi/4.6.3/crtbegin.o
 .rela.text.GX_SetNumIndStages
                0x00000000        0x0 c:/devkitpro/devkitppc/bin/../lib/gcc/powerpc-eabi/4.6.3/crtbegin.o
 .rela.text.GX_SetIndTexCoordScale
                0x00000000        0x0 c:/devkitpro/devkitppc/bin/../lib/gcc/powerpc-eabi/4.6.3/crtbegin.o
 .rela.text.GX_SetColorUpdate
                0x00000000        0x0 c:/devkitpro/devkitppc/bin/../lib/gcc/powerpc-eabi/4.6.3/crtbegin.o
 .rela.text.GX_SetAlphaUpdate
                0x00000000        0x0 c:/devkitpro/devkitppc/bin/../lib/gcc/powerpc-eabi/4.6.3/crtbegin.o
 .rela.text.GX_SetZCompLoc
                0x00000000        0x0 c:/devkitpro/devkitppc/bin/../lib/gcc/powerpc-eabi/4.6.3/crtbegin.o
 .rela.text.GX_SetPixelFmt
                0x00000000        0x0 c:/devkitpro/devkitppc/bin/../lib/gcc/powerpc-eabi/4.6.3/crtbegin.o
 .rela.text.GX_SetDither
                0x00000000        0x0 c:/devkitpro/devkitppc/bin/../lib/gcc/powerpc-eabi/4.6.3/crtbegin.o
 .rela.text.GX_SetDstAlpha
                0x00000000        0x0 c:/devkitpro/devkitppc/bin/../lib/gcc/powerpc-eabi/4.6.3/crtbegin.o
 .rela.text.GX_SetFieldMode
                0x00000000        0x0 c:/devkitpro/devkitppc/bin/../lib/gcc/powerpc-eabi/4.6.3/crtbegin.o
 .rela.text.GX_SetIndTexOrder
                0x00000000        0x0 c:/devkitpro/devkitppc/bin/../lib/gcc/powerpc-eabi/4.6.3/crtbegin.o
 .rela.text.GX_SetGPMetric
                0x00000000        0x0 c:/devkitpro/devkitppc/bin/../lib/gcc/powerpc-eabi/4.6.3/crtbegin.o
 .rela.text.GX_Init
                0x00000000        0x0 c:/devkitpro/devkitppc/bin/../lib/gcc/powerpc-eabi/4.6.3/crtbegin.o
 .rela.text.GX_ReadGPMetric
                0x00000000        0x0 c:/devkitpro/devkitppc/bin/../lib/gcc/powerpc-eabi/4.6.3/crtbegin.o
 .rela.text.kprintf
                0x00000000        0x0 c:/devkitpro/devkitppc/bin/../lib/gcc/powerpc-eabi/4.6.3/crtbegin.o
 .rela.text.atangent
                0x00000000        0x0 c:/devkitpro/devkitppc/bin/../lib/gcc/powerpc-eabi/4.6.3/crtbegin.o
 .rela.text.atangentf
                0x00000000        0x0 c:/devkitpro/devkitppc/bin/../lib/gcc/powerpc-eabi/4.6.3/crtbegin.o
 .rela.text.sinef
                0x00000000        0x0 c:/devkitpro/devkitppc/bin/../lib/gcc/powerpc-eabi/4.6.3/crtbegin.o
 .rela.text.sqrtf
                0x00000000        0x0 c:/devkitpro/devkitppc/bin/../lib/gcc/powerpc-eabi/4.6.3/crtbegin.o
 .rela.text.calloc
                0x00000000        0x0 c:/devkitpro/devkitppc/bin/../lib/gcc/powerpc-eabi/4.6.3/crtbegin.o
 .rela.text.__errno
                0x00000000        0x0 c:/devkitpro/devkitppc/bin/../lib/gcc/powerpc-eabi/4.6.3/crtbegin.o
 .rela.text.exit
                0x00000000        0x0 c:/devkitpro/devkitppc/bin/../lib/gcc/powerpc-eabi/4.6.3/crtbegin.o
 .rela.text.fprintf
                0x00000000        0x0 c:/devkitpro/devkitppc/bin/../lib/gcc/powerpc-eabi/4.6.3/crtbegin.o
 .rela.text.fputs
                0x00000000        0x0 c:/devkitpro/devkitppc/bin/../lib/gcc/powerpc-eabi/4.6.3/crtbegin.o
 .rela.text._malloc_trim_r
                0x00000000        0x0 c:/devkitpro/devkitppc/bin/../lib/gcc/powerpc-eabi/4.6.3/crtbegin.o
 .rela.text._free_r
                0x00000000        0x0 c:/devkitpro/devkitppc/bin/../lib/gcc/powerpc-eabi/4.6.3/crtbegin.o
 .rela.text.setvbuf
                0x00000000        0x0 c:/devkitpro/devkitppc/bin/../lib/gcc/powerpc-eabi/4.6.3/crtbegin.o
 .rela.text._svfprintf_r
                0x00000000        0x0 c:/devkitpro/devkitppc/bin/../lib/gcc/powerpc-eabi/4.6.3/crtbegin.o
 .rela.text._vfprintf_r
                0x00000000        0x0 c:/devkitpro/devkitppc/bin/../lib/gcc/powerpc-eabi/4.6.3/crtbegin.o
 .rela.text._wcrtomb_r
                0x00000000        0x0 c:/devkitpro/devkitppc/bin/../lib/gcc/powerpc-eabi/4.6.3/crtbegin.o
 .rela.text.wcrtomb
                0x00000000        0x0 c:/devkitpro/devkitppc/bin/../lib/gcc/powerpc-eabi/4.6.3/crtbegin.o
 .rela.text.__call_exitprocs
                0x00000000        0x0 c:/devkitpro/devkitppc/bin/../lib/gcc/powerpc-eabi/4.6.3/crtbegin.o
 .rela.text._dtoa_r
                0x00000000        0x0 c:/devkitpro/devkitppc/bin/../lib/gcc/powerpc-eabi/4.6.3/crtbegin.o
 .rela.text._cleanup_r
                0x00000000        0x0 c:/devkitpro/devkitppc/bin/../lib/gcc/powerpc-eabi/4.6.3/crtbegin.o
 .rela.text.std.isra.0
                0x00000000        0x0 c:/devkitpro/devkitppc/bin/../lib/gcc/powerpc-eabi/4.6.3/crtbegin.o
 .rela.text.loadlocale
                0x00000000        0x0 c:/devkitpro/devkitppc/bin/../lib/gcc/powerpc-eabi/4.6.3/crtbegin.o
 .rela.text.__smakebuf_r
                0x00000000        0x0 c:/devkitpro/devkitppc/bin/../lib/gcc/powerpc-eabi/4.6.3/crtbegin.o
 .rela.text._findenv_r
                0x00000000        0x0 c:/devkitpro/devkitppc/bin/../lib/gcc/powerpc-eabi/4.6.3/crtbegin.o

.rel.fini
 *(.rel.fini)

.rela.fini
 *(.rela.fini)

.rel.rodata
 *(.rel.rodata .rel.rodata.* .rel.gnu.linkonce.r.*)

.rela.rodata
 *(.rela.rodata .rela.rodata.* .rela.gnu.linkonce.r.*)

.rel.data
 *(.rel.data .rel.data.* .rel.gnu.linkonce.d.*)

.rela.data
 *(.rela.data .rela.data.* .rela.gnu.linkonce.d.*)

.rel.tdata
 *(.rel.tdata .rel.tdata.* .rel.gnu.linkonce.td.*)

.rela.tdata
 *(.rela.tdata .rela.tdata.* .rela.gnu.linkonce.td.*)

.rel.tbss
 *(.rel.tbss .rel.tbss.* .rel.gnu.linkonce.tb.*)

.rela.tbss
 *(.rela.tbss .rela.tbss.* .rela.gnu.linkonce.tb.*)

.rel.ctors
 *(.rel.ctors)

.rela.ctors
 *(.rela.ctors)

.rel.dtors
 *(.rel.dtors)

.rela.dtors
 *(.rela.dtors)

.rel.got
 *(.rel.got)

.rela.got
 *(.rela.got)

.rela.got1
 *(.rela.got1)

.rela.got2      0x80004194        0x0
 *(.rela.got2)
 .rela.got2     0x00000000        0x0 c:/devkitpro/devkitppc/bin/../lib/gcc/powerpc-eabi/4.6.3/crtbegin.o

.rel.sdata
 *(.rel.sdata .rel.sdata.* .rel.gnu.linkonce.s.*)

.rela.sdata
 *(.rela.sdata .rela.sdata.* .rela.gnu.linkonce.s.*)

.rel.sbss
 *(.rel.sbss .rel.sbss.* .rel.gnu.linkonce.sb.*)

.rela.sbss
 *(.rela.sbss .rela.sbss.* .rel.gnu.linkonce.sb.*)

.rel.sdata2
 *(.rel.sdata2 .rel.sdata2.* .rel.gnu.linkonce.s2.*)

.rela.sdata2
 *(.rela.sdata2 .rela.sdata2.* .rela.gnu.linkonce.s2.*)

.rel.sbss2
 *(.rel.sbss2 .rel.sbss2.* .rel.gnu.linkonce.sb2.*)

.rela.sbss2
 *(.rela.sbss2 .rela.sbss2.* .rela.gnu.linkonce.sb2.*)

.rel.bss
 *(.rel.bss .rel.bss.* .rel.gnu.linkonce.b.*)

.rela.bss
 *(.rela.bss .rela.bss.* .rela.gnu.linkonce.b.*)

.rel.plt
 *(.rel.plt)

.rela.plt
 *(.rela.plt)

.text           0x800041a0    0x2d920
 *(.text)
 .text          0x800041a0      0x168 c:/devkitpro/devkitppc/bin/../lib/gcc/powerpc-eabi/4.6.3/crtbegin.o
 .text          0x80004308       0x44 c:/devkitpro/devkitppc/bin/../lib/gcc/powerpc-eabi/4.6.3/../../../../powerpc-eabi/lib/crtmain.o
                0x8000430c                __crtmain
 *fill*         0x8000434c       0x14 00000000
 .text          0x80004360      0x44c c:/devkitPro/libogc/lib/wii\libogc.a(lwp_handler.o)
                0x80004360                _cpu_context_save_fp
                0x800044a0                _cpu_context_restore_fp
                0x800045e0                _cpu_context_switch
                0x800046c0                _cpu_context_save
                0x80004740                _cpu_context_restore
 .text          0x800047ac      0x4a0 c:/devkitPro/libogc/lib/wii\libogc.a(system_asm.o)
                0x800047ac                __realmode
                0x800047c4                __configBATS
                0x800048f4                __InitFPRS
                0x80004a20                __InitPS
                0x80004a7c                __InitCache
                0x80004ad4                __InitSystem
                0x80004b5c                __flush_cache
                0x80004b90                __reset
                0x80004c00                __InitBATS
                0x80004c1c                SYS_SwitchFiber
 .text          0x80004c4c      0x1ac c:/devkitPro/libogc/lib/wii\libogc.a(irq_handler.o)
                0x80004c4c                irq_exceptionhandler
 .text          0x80004df8      0x4f4 c:/devkitPro/libogc/lib/wii\libogc.a(cache_asm.o)
                0x80004df8                DCFlashInvalidate
                0x80004e0c                DCEnable
                0x80004e20                DCDisable
                0x80004e34                DCFreeze
                0x80004e48                DCUnfreeze
                0x80004e5c                DCTouchLoad
                0x80004e64                DCBlockZero
                0x80004e6c                DCBlockStore
                0x80004e74                DCBlockFlush
                0x80004e7c                DCBlockInvalidate
                0x80004e84                DCInvalidateRange
                0x80004eb4                DCFlushRange
                0x80004ee8                DCStoreRange
                0x80004f1c                DCFlushRangeNoSync
                0x80004f4c                DCStoreRangeNoSync
                0x80004f7c                DCZeroRange
                0x80004fac                DCTouchRange
                0x80004fdc                ICInvalidateRange
                0x80005014                ICFlashInvalidate
                0x80005028                ICEnable
                0x8000503c                ICDisable
                0x80005050                ICFreeze
                0x80005064                ICUnfreeze
                0x80005078                ICBlockInvalidate
                0x80005080                ICSync
                0x80005088                L2Init
                0x800050d0                L2Enable
                0x800050ec                L2Disable
                0x80005104                L2GlobalInvalidate
                0x8000515c                __LCEnable
                0x80005228                LCDisable
                0x80005250                LCAllocOneTag
                0x80005264                LCAllocTags
                0x800052a4                LCLoadBlocks
                0x800052c8                LCStoreBlocks
 .text          0x800052ec      0x1ac c:/devkitPro/libogc/lib/wii\libogc.a(decrementer_handler.o)
                0x800052ec                dec_exceptionhandler
 .text          0x80005498      0x35c c:/devkitPro/libogc/lib/wii\libogc.a(exception_handler.o)
                0x80005498                exceptionhandler_start
                0x80005514                exceptionhandler_patch
                0x80005548                exceptionhandler_end
                0x8000554c                default_exceptionhandler
                0x8000567c                fpu_exceptionhandler
                0x800057c4                systemcallhandler_start
                0x800057f0                systemcallhandler_end
 .text          0x800057f4       0x40 c:/devkitpro/devkitppc/bin/../lib/gcc/powerpc-eabi/4.6.3\libgcc.a(_ashldi3.o)
                0x800057f4                __ashldi3
 .text          0x80005834      0x400 c:/devkitpro/devkitppc/bin/../lib/gcc/powerpc-eabi/4.6.3\libgcc.a(_udivdi3.o)
                0x80005834                __udivdi3
 .text          0x80005c34      0x3d4 c:/devkitpro/devkitppc/bin/../lib/gcc/powerpc-eabi/4.6.3\libgcc.a(_umoddi3.o)
                0x80005c34                __umoddi3
 .text          0x80006008       0x48 c:/devkitpro/devkitppc/bin/../lib/gcc/powerpc-eabi/4.6.3\libgcc.a(eabi.o)
                0x80006008                __eabi
 .text          0x80006050       0x4c c:/devkitpro/devkitppc/bin/../lib/gcc/powerpc-eabi/4.6.3\libgcc.a(crtsavfpr.o)
                0x80006050                _savefpr_14
                0x80006054                _savefpr_15
                0x80006058                _savefpr_16
                0x8000605c                _savefpr_17
                0x80006060                _savefpr_18
                0x80006064                _savefpr_19
                0x80006068                _savefpr_20
                0x8000606c                _savefpr_21
                0x80006070                _savefpr_22
                0x80006074                _savefpr_23
                0x80006078                _savefpr_24
                0x8000607c                _savefpr_25
                0x80006080                _savefpr_26
                0x80006084                _savefpr_27
                0x80006088                _savefpr_28
                0x8000608c                _savefpr_29
                0x80006090                _savefpr_30
                0x80006094                _savefpr_31
 .text          0x8000609c       0x4c c:/devkitpro/devkitppc/bin/../lib/gcc/powerpc-eabi/4.6.3\libgcc.a(crtsavgpr.o)
                0x8000609c                _savegpr_14
                0x800060a0                _savegpr_15
                0x800060a4                _savegpr_16
                0x800060a8                _savegpr_17
                0x800060ac                _savegpr_18
                0x800060b0                _savegpr_19
                0x800060b4                _savegpr_20
                0x800060b8                _savegpr_21
                0x800060bc                _savegpr_22
                0x800060c0                _savegpr_23
                0x800060c4                _savegpr_24
                0x800060c8                _savegpr_25
                0x800060cc                _savegpr_26
                0x800060d0                _savegpr_27
                0x800060d4                _savegpr_28
                0x800060d8                _savegpr_29
                0x800060dc                _savegpr_30
                0x800060e0                _savegpr_31
 .text          0x800060e8       0x4c c:/devkitpro/devkitppc/bin/../lib/gcc/powerpc-eabi/4.6.3\libgcc.a(crtresgpr.o)
                0x800060e8                _restgpr_14
                0x800060ec                _restgpr_15
                0x800060f0                _restgpr_16
                0x800060f4                _restgpr_17
                0x800060f8                _restgpr_18
                0x800060fc                _restgpr_19
                0x80006100                _restgpr_20
                0x80006104                _restgpr_21
                0x80006108                _restgpr_22
                0x8000610c                _restgpr_23
                0x80006110                _restgpr_24
                0x80006114                _restgpr_25
                0x80006118                _restgpr_26
                0x8000611c                _restgpr_27
                0x80006120                _restgpr_28
                0x80006124                _restgpr_29
                0x80006128                _restgpr_30
                0x8000612c                _restgpr_31
 .text          0x80006134       0x58 c:/devkitpro/devkitppc/bin/../lib/gcc/powerpc-eabi/4.6.3\libgcc.a(crtresxfpr.o)
                0x80006134                _restfpr_14_x
                0x80006138                _restfpr_15_x
                0x8000613c                _restfpr_16_x
                0x80006140                _restfpr_17_x
                0x80006144                _restfpr_18_x
                0x80006148                _restfpr_19_x
                0x8000614c                _restfpr_20_x
                0x80006150                _restfpr_21_x
                0x80006154                _restfpr_22_x
                0x80006158                _restfpr_23_x
                0x8000615c                _restfpr_24_x
                0x80006160                _restfpr_25_x
                0x80006164                _restfpr_26_x
                0x80006168                _restfpr_27_x
                0x8000616c                _restfpr_28_x
                0x80006170                _restfpr_29_x
                0x80006174                _restfpr_30_x
                0x80006178                _restfpr_31_x
 .text          0x8000618c       0x58 c:/devkitpro/devkitppc/bin/../lib/gcc/powerpc-eabi/4.6.3\libgcc.a(crtresxgpr.o)
                0x8000618c                _restgpr_14_x
                0x80006190                _restgpr_15_x
                0x80006194                _restgpr_16_x
                0x80006198                _restgpr_17_x
                0x8000619c                _restgpr_18_x
                0x800061a0                _restgpr_19_x
                0x800061a4                _restgpr_20_x
                0x800061a8                _restgpr_21_x
                0x800061ac                _restgpr_22_x
                0x800061b0                _restgpr_23_x
                0x800061b4                _restgpr_24_x
                0x800061b8                _restgpr_25_x
                0x800061bc                _restgpr_26_x
                0x800061c0                _restgpr_27_x
                0x800061c4                _restgpr_28_x
                0x800061c8                _restgpr_29_x
                0x800061cc                _restgpr_30_x
                0x800061d0                _restgpr_31_x
 .text          0x800061e4       0x28 c:/devkitpro/devkitppc/bin/../lib/gcc/powerpc-eabi/4.6.3/../../../../powerpc-eabi/lib\libsysbase.a(abort.o)
                0x800061e4                abort
 .text          0x8000620c      0x2ec c:/devkitpro/devkitppc/bin/../lib/gcc/powerpc-eabi/4.6.3/../../../../powerpc-eabi/lib\libsysbase.a(iosupport.o)
                0x8000620c                setDefaultDevice
                0x80006224                FindDevice
                0x80006348                RemoveDevice
                0x80006398                AddDevice
                0x800064b4                GetDeviceOpTab
 .text          0x800064f8       0x28 c:/devkitpro/devkitppc/bin/../lib/gcc/powerpc-eabi/4.6.3/../../../../powerpc-eabi/lib\libsysbase.a(_exit.o)
                0x800064f8                _exit
 .text          0x80006520       0x90 c:/devkitpro/devkitppc/bin/../lib/gcc/powerpc-eabi/4.6.3/../../../../powerpc-eabi/lib\libsysbase.a(build_argv.o)
                0x80006520                build_argv
 .text          0x800065b0      0x168 c:/devkitpro/devkitppc/bin/../lib/gcc/powerpc-eabi/4.6.3/../../../../powerpc-eabi/lib\libsysbase.a(syscall_support.o)
                0x800065b0                __libc_lock_init
                0x800065f0                __libc_lock_close
                0x80006630                __libc_lock_release
                0x80006670                __libc_lock_acquire
                0x800066b0                __malloc_lock
                0x800066e4                __malloc_unlock
 .text          0x80006718       0x98 c:/devkitpro/devkitppc/bin/../lib/gcc/powerpc-eabi/4.6.3/../../../../powerpc-eabi/lib\libsysbase.a(close.o)
                0x80006718                _close_r
 .text          0x800067b0       0xc8 c:/devkitpro/devkitppc/bin/../lib/gcc/powerpc-eabi/4.6.3/../../../../powerpc-eabi/lib\libsysbase.a(fstat.o)
                0x800067b0                _fstat_r
 .text          0x80006878        0x8 c:/devkitpro/devkitppc/bin/../lib/gcc/powerpc-eabi/4.6.3/../../../../powerpc-eabi/lib\libsysbase.a(isatty.o)
                0x80006878                _isatty_r
 .text          0x80006880       0xcc c:/devkitpro/devkitppc/bin/../lib/gcc/powerpc-eabi/4.6.3/../../../../powerpc-eabi/lib\libsysbase.a(lseek.o)
                0x80006880                _lseek_r
 .text          0x8000694c       0xac c:/devkitpro/devkitppc/bin/../lib/gcc/powerpc-eabi/4.6.3/../../../../powerpc-eabi/lib\libsysbase.a(read.o)
                0x8000694c                _read_r
 .text          0x800069f8       0x50 c:/devkitpro/devkitppc/bin/../lib/gcc/powerpc-eabi/4.6.3/../../../../powerpc-eabi/lib\libsysbase.a(sbrk.o)
                0x800069f8                _sbrk_r
 .text          0x80006a48       0xac c:/devkitpro/devkitppc/bin/../lib/gcc/powerpc-eabi/4.6.3/../../../../powerpc-eabi/lib\libsysbase.a(write.o)
                0x80006a48                _write_r
 .text          0x80006af4       0x6c c:/devkitpro/devkitppc/bin/../lib/gcc/powerpc-eabi/4.6.3/../../../../powerpc-eabi/lib\libsysbase.a(flock.o)
                0x80006af4                __flockfile
                0x80006b3c                __funlockfile
 .text          0x80006b60      0x174 c:/devkitpro/devkitppc/bin/../lib/gcc/powerpc-eabi/4.6.3/../../../../powerpc-eabi/lib\libsysbase.a(handle_manager.o)
                0x80006b60                __release_handle
                0x80006bbc                __alloc_handle
                0x80006cb0                __get_handle
 .text          0x80006cd4       0x6c c:/devkitpro/devkitppc/bin/../lib/gcc/powerpc-eabi/4.6.3/crtend.o
 *(.text.*)
 .text.close    0x80006d40       0x38 template.o
                0x80006d40                close
 .text.startup.main
                0x80006d78      0x224 template.o
                0x80006d78                main
 .text.__wpad_assign_slot
                0x80006f9c      0x220 c:/devkitPro/libogc/lib/wii\libwiiuse.a(wpad.o)
                0x80006f9c                __wpad_assign_slot
 .text.__wpad_def_powcb
                0x800071bc       0x20 c:/devkitPro/libogc/lib/wii\libwiiuse.a(wpad.o)
 .text.__wpad_setfmt
                0x800071dc       0xf0 c:/devkitPro/libogc/lib/wii\libwiiuse.a(wpad.o)
 .text.__readlinkkey_finished
                0x800072cc       0x30 c:/devkitPro/libogc/lib/wii\libwiiuse.a(wpad.o)
 .text.__wpad_patch_finished
                0x800072fc       0x2c c:/devkitPro/libogc/lib/wii\libwiiuse.a(wpad.o)
 .text.__wpad_eventCB
                0x80007328      0x958 c:/devkitPro/libogc/lib/wii\libwiiuse.a(wpad.o)
 .text.__wpad_disconnectCB
                0x80007c80       0xe8 c:/devkitPro/libogc/lib/wii\libwiiuse.a(wpad.o)
                0x80007c80                __wpad_disconnectCB
 .text.__wpad_timeouthandler
                0x80007d68       0x98 c:/devkitPro/libogc/lib/wii\libwiiuse.a(wpad.o)
 .text.__initcore_finished
                0x80007e00       0x40 c:/devkitPro/libogc/lib/wii\libwiiuse.a(wpad.o)
 .text.__wpad_init_finished
                0x80007e40      0x134 c:/devkitPro/libogc/lib/wii\libwiiuse.a(wpad.o)
 .text.WPAD_ReadEvent
                0x80007f74      0x580 c:/devkitPro/libogc/lib/wii\libwiiuse.a(wpad.o)
                0x80007f74                WPAD_ReadEvent
 .text.WPAD_ReadPending
                0x800084f4      0x10c c:/devkitPro/libogc/lib/wii\libwiiuse.a(wpad.o)
                0x800084f4                WPAD_ReadPending
 .text.WPAD_Shutdown
                0x80008600       0xdc c:/devkitPro/libogc/lib/wii\libwiiuse.a(wpad.o)
                0x80008600                WPAD_Shutdown
 .text.WPAD_Init
                0x800086dc      0x240 c:/devkitPro/libogc/lib/wii\libwiiuse.a(wpad.o)
                0x800086dc                WPAD_Init
 .text.__wpad_onreset
                0x8000891c       0x2c c:/devkitPro/libogc/lib/wii\libwiiuse.a(wpad.o)
 .text.WPAD_ScanPads
                0x80008948        0xc c:/devkitPro/libogc/lib/wii\libwiiuse.a(wpad.o)
                0x80008948                WPAD_ScanPads
 .text.WPAD_ButtonsDown
                0x80008954       0x28 c:/devkitPro/libogc/lib/wii\libwiiuse.a(wpad.o)
                0x80008954                WPAD_ButtonsDown
 .text.motion_plus_disconnected
                0x8000897c       0x10 c:/devkitPro/libogc/lib/wii\libwiiuse.a(motion_plus.o)
                0x8000897c                motion_plus_disconnected
 .text.motion_plus_event
                0x8000898c       0x64 c:/devkitPro/libogc/lib/wii\libwiiuse.a(motion_plus.o)
                0x8000898c                motion_plus_event
 .text.calculate_gforce
                0x800089f0      0x114 c:/devkitPro/libogc/lib/wii\libwiiuse.a(dynamics.o)
                0x800089f0                calculate_gforce
 .text.calc_joystick_state
                0x80008b04      0x21c c:/devkitPro/libogc/lib/wii\libwiiuse.a(dynamics.o)
                0x80008b04                calc_joystick_state
 .text.apply_smoothing
                0x80008d20      0x148 c:/devkitPro/libogc/lib/wii\libwiiuse.a(dynamics.o)
                0x80008d20                apply_smoothing
 .text.calculate_orientation
                0x80008e68      0x29c c:/devkitPro/libogc/lib/wii\libwiiuse.a(dynamics.o)
                0x80008e68                calculate_orientation
 .text.calc_balanceboard_state
                0x80009104      0x36c c:/devkitPro/libogc/lib/wii\libwiiuse.a(dynamics.o)
                0x80009104                calc_balanceboard_state
 .text.wiiuse_handshake_expansion
                0x80009470      0x1d4 c:/devkitPro/libogc/lib/wii\libwiiuse.a(io.o)
                0x80009470                wiiuse_handshake_expansion
 .text.wiiuse_handshake
                0x80009644      0x150 c:/devkitPro/libogc/lib/wii\libwiiuse.a(io.o)
                0x80009644                wiiuse_handshake
 .text.wiiuse_handshake_expansion_start
                0x80009794       0x24 c:/devkitPro/libogc/lib/wii\libwiiuse.a(io.o)
                0x80009794                wiiuse_handshake_expansion_start
 .text.wiiuse_disable_expansion
                0x800097b8       0xc0 c:/devkitPro/libogc/lib/wii\libwiiuse.a(io.o)
                0x800097b8                wiiuse_disable_expansion
 .text.__wiiuse_disconnected
                0x80009878       0x90 c:/devkitPro/libogc/lib/wii\libwiiuse.a(io_wii.o)
 .text.__wiiuse_receive
                0x80009908       0x8c c:/devkitPro/libogc/lib/wii\libwiiuse.a(io_wii.o)
 .text.__wiiuse_connected
                0x80009994       0x7c c:/devkitPro/libogc/lib/wii\libwiiuse.a(io_wii.o)
 .text.__wiiuse_sensorbar_enable
                0x80009a10       0x48 c:/devkitPro/libogc/lib/wii\libwiiuse.a(io_wii.o)
                0x80009a10                __wiiuse_sensorbar_enable
 .text.wiiuse_register
                0x80009a58       0xa4 c:/devkitPro/libogc/lib/wii\libwiiuse.a(io_wii.o)
                0x80009a58                wiiuse_register
 .text.wiiuse_disconnect
                0x80009afc       0x40 c:/devkitPro/libogc/lib/wii\libwiiuse.a(io_wii.o)
                0x80009afc                wiiuse_disconnect
 .text.wiiuse_init_cmd_queue
                0x80009b3c       0x84 c:/devkitPro/libogc/lib/wii\libwiiuse.a(io_wii.o)
                0x80009b3c                wiiuse_init_cmd_queue
 .text.wiiuse_io_write
                0x80009bc0       0x38 c:/devkitPro/libogc/lib/wii\libwiiuse.a(io_wii.o)
                0x80009bc0                wiiuse_io_write
 .text.get_ir_sens.isra.0
                0x80009bf8       0xe8 c:/devkitPro/libogc/lib/wii\libwiiuse.a(ir.o)
 .text.rotate_dots
                0x80009ce0      0x110 c:/devkitPro/libogc/lib/wii\libwiiuse.a(ir.o)
 .text.wiiuse_set_ir_mode
                0x80009df0       0x60 c:/devkitPro/libogc/lib/wii\libwiiuse.a(ir.o)
                0x80009df0                wiiuse_set_ir_mode
 .text.wiiuse_set_ir
                0x80009e50      0x190 c:/devkitPro/libogc/lib/wii\libwiiuse.a(ir.o)
                0x80009e50                wiiuse_set_ir
 .text.wiiuse_set_ir_position
                0x80009fe0       0x78 c:/devkitPro/libogc/lib/wii\libwiiuse.a(ir.o)
                0x80009fe0                wiiuse_set_ir_position
 .text.wiiuse_set_aspect_ratio
                0x8000a058       0x3c c:/devkitPro/libogc/lib/wii\libwiiuse.a(ir.o)
                0x8000a058                wiiuse_set_aspect_ratio
 .text.wiiuse_set_ir_sensitivity
                0x8000a094       0xf8 c:/devkitPro/libogc/lib/wii\libwiiuse.a(ir.o)
                0x8000a094                wiiuse_set_ir_sensitivity
 .text.calculate_basic_ir
                0x8000a18c       0xfc c:/devkitPro/libogc/lib/wii\libwiiuse.a(ir.o)
                0x8000a18c                calculate_basic_ir
 .text.calculate_extended_ir
                0x8000a288       0x7c c:/devkitPro/libogc/lib/wii\libwiiuse.a(ir.o)
                0x8000a288                calculate_extended_ir
 .text.find_sensorbar
                0x8000a304      0x7fc c:/devkitPro/libogc/lib/wii\libwiiuse.a(ir.o)
                0x8000a304                find_sensorbar
 .text.apply_ir_smoothing
                0x8000ab00       0xd4 c:/devkitPro/libogc/lib/wii\libwiiuse.a(ir.o)
                0x8000ab00                apply_ir_smoothing
 .text.calc_yaw
                0x8000abd4       0x54 c:/devkitPro/libogc/lib/wii\libwiiuse.a(ir.o)
                0x8000abd4                calc_yaw
 .text.interpret_ir_data
                0x8000ac28      0x370 c:/devkitPro/libogc/lib/wii\libwiiuse.a(ir.o)
                0x8000ac28                interpret_ir_data
 .text.nunchuk_handshake
                0x8000af98      0x228 c:/devkitPro/libogc/lib/wii\libwiiuse.a(nunchuk.o)
                0x8000af98                nunchuk_handshake
 .text.nunchuk_disconnected
                0x8000b1c0       0x28 c:/devkitPro/libogc/lib/wii\libwiiuse.a(nunchuk.o)
                0x8000b1c0                nunchuk_disconnected
 .text.nunchuk_event
                0x8000b1e8       0xe4 c:/devkitPro/libogc/lib/wii\libwiiuse.a(nunchuk.o)
                0x8000b1e8                nunchuk_event
 .text.wii_board_handshake
                0x8000b2cc      0x170 c:/devkitPro/libogc/lib/wii\libwiiuse.a(wiiboard.o)
                0x8000b2cc                wii_board_handshake
 .text.wii_board_disconnected
                0x8000b43c       0x28 c:/devkitPro/libogc/lib/wii\libwiiuse.a(wiiboard.o)
                0x8000b43c                wii_board_disconnected
 .text.wii_board_event
                0x8000b464       0x54 c:/devkitPro/libogc/lib/wii\libwiiuse.a(wiiboard.o)
                0x8000b464                wii_board_event
 .text.wiiuse_send_next_command
                0x8000b4b8       0x6c c:/devkitPro/libogc/lib/wii\libwiiuse.a(wiiuse.o)
                0x8000b4b8                wiiuse_send_next_command
 .text.__wiiuse_push_command
                0x8000b524       0x94 c:/devkitPro/libogc/lib/wii\libwiiuse.a(wiiuse.o)
 .text.wiiuse_init
                0x8000b5b8      0x154 c:/devkitPro/libogc/lib/wii\libwiiuse.a(wiiuse.o)
                0x8000b5b8                wiiuse_init
 .text.wiiuse_set_flags
                0x8000b70c       0x24 c:/devkitPro/libogc/lib/wii\libwiiuse.a(wiiuse.o)
                0x8000b70c                wiiuse_set_flags
 .text.wiiuse_read_data
                0x8000b730       0x94 c:/devkitPro/libogc/lib/wii\libwiiuse.a(wiiuse.o)
                0x8000b730                wiiuse_read_data
 .text.wiiuse_write_data
                0x8000b7c4       0xc0 c:/devkitPro/libogc/lib/wii\libwiiuse.a(wiiuse.o)
                0x8000b7c4                wiiuse_write_data
 .text.wiiuse_sendcmd
                0x8000b884       0x90 c:/devkitPro/libogc/lib/wii\libwiiuse.a(wiiuse.o)
                0x8000b884                wiiuse_sendcmd
 .text.wiiuse_status
                0x8000b914       0x4c c:/devkitPro/libogc/lib/wii\libwiiuse.a(wiiuse.o)
                0x8000b914                wiiuse_status
 .text.wiiuse_motion_sensing
                0x8000b960       0x3c c:/devkitPro/libogc/lib/wii\libwiiuse.a(wiiuse.o)
                0x8000b960                wiiuse_motion_sensing
 .text.wiiuse_set_report_type
                0x8000b99c       0xd0 c:/devkitPro/libogc/lib/wii\libwiiuse.a(wiiuse.o)
                0x8000b99c                wiiuse_set_report_type
 .text.wiiuse_set_leds
                0x8000ba6c       0x50 c:/devkitPro/libogc/lib/wii\libwiiuse.a(wiiuse.o)
                0x8000ba6c                wiiuse_set_leds
 .text.wiiuse_set_speaker
                0x8000babc      0x1e4 c:/devkitPro/libogc/lib/wii\libwiiuse.a(speaker.o)
                0x8000babc                wiiuse_set_speaker
 .text.classic_ctrl_handshake
                0x8000bca0      0x188 c:/devkitPro/libogc/lib/wii\libwiiuse.a(classic.o)
                0x8000bca0                classic_ctrl_handshake
 .text.classic_ctrl_disconnected
                0x8000be28       0x28 c:/devkitPro/libogc/lib/wii\libwiiuse.a(classic.o)
                0x8000be28                classic_ctrl_disconnected
 .text.classic_ctrl_event
                0x8000be50       0xa4 c:/devkitPro/libogc/lib/wii\libwiiuse.a(classic.o)
                0x8000be50                classic_ctrl_event
 .text.handle_expansion
                0x8000bef4       0x70 c:/devkitPro/libogc/lib/wii\libwiiuse.a(events.o)
 .text.wiiuse_pressed_buttons
                0x8000bf64       0x2c c:/devkitPro/libogc/lib/wii\libwiiuse.a(events.o)
                0x8000bf64                wiiuse_pressed_buttons
 .text.parse_event
                0x8000bf90      0x540 c:/devkitPro/libogc/lib/wii\libwiiuse.a(events.o)
                0x8000bf90                parse_event
 .text.guitar_hero_3_handshake
                0x8000c4d0       0x68 c:/devkitPro/libogc/lib/wii\libwiiuse.a(guitar_hero_3.o)
                0x8000c4d0                guitar_hero_3_handshake
 .text.guitar_hero_3_disconnected
                0x8000c538       0x28 c:/devkitPro/libogc/lib/wii\libwiiuse.a(guitar_hero_3.o)
                0x8000c538                guitar_hero_3_disconnected
 .text.guitar_hero_3_event
                0x8000c560       0x68 c:/devkitPro/libogc/lib/wii\libwiiuse.a(guitar_hero_3.o)
                0x8000c560                guitar_hero_3_event
 .text.acl_wlp_completed
                0x8000c5c8        0x8 c:/devkitPro/libogc/lib/wii\libbte.a(bte.o)
                0x8000c5c8                acl_wlp_completed
 .text.__bte_cmdfinish
                0x8000c5d0       0x9c c:/devkitPro/libogc/lib/wii\libbte.a(bte.o)
 .text.bte_hci_initsub_complete
                0x8000c66c      0x12c c:/devkitPro/libogc/lib/wii\libbte.a(bte.o)
                0x8000c66c                bte_hci_initsub_complete
 .text.bte_hci_initcore_complete2
                0x8000c798       0xf0 c:/devkitPro/libogc/lib/wii\libbte.a(bte.o)
                0x8000c798                bte_hci_initcore_complete2
 .text.bte_hci_patch_complete
                0x8000c888      0x1b0 c:/devkitPro/libogc/lib/wii\libbte.a(bte.o)
                0x8000c888                bte_hci_patch_complete
 .text.bte_hci_apply_patch_complete
                0x8000ca38       0xa8 c:/devkitPro/libogc/lib/wii\libbte.a(bte.o)
                0x8000ca38                bte_hci_apply_patch_complete
 .text.bte_hci_initcore_complete
                0x8000cae0      0x158 c:/devkitPro/libogc/lib/wii\libbte.a(bte.o)
                0x8000cae0                bte_hci_initcore_complete
 .text.__bte_close_ctrl_queue
                0x8000cc38       0x80 c:/devkitPro/libogc/lib/wii\libbte.a(bte.o)
 .text.__bte_send_pending_request
                0x8000ccb8       0xb8 c:/devkitPro/libogc/lib/wii\libbte.a(bte.o)
 .text.l2cap_disconnect_cfm
                0x8000cd70       0xe0 c:/devkitPro/libogc/lib/wii\libbte.a(bte.o)
                0x8000cd70                l2cap_disconnect_cfm
 .text.acl_conn_complete
                0x8000ce50       0x2c c:/devkitPro/libogc/lib/wii\libbte.a(bte.o)
                0x8000ce50                acl_conn_complete
 .text.__bte_shutdown_finished
                0x8000ce7c       0x5c c:/devkitPro/libogc/lib/wii\libbte.a(bte.o)
 .text.bt_alarmhandler
                0x8000ced8       0x60 c:/devkitPro/libogc/lib/wii\libbte.a(bte.o)
 .text.bte_read_stored_link_key_complete
                0x8000cf38      0x108 c:/devkitPro/libogc/lib/wii\libbte.a(bte.o)
                0x8000cf38                bte_read_stored_link_key_complete
 .text.l2cap_accepted
                0x8000d040       0xd8 c:/devkitPro/libogc/lib/wii\libbte.a(bte.o)
                0x8000d040                l2cap_accepted
 .text.l2cap_disconnected_ind
                0x8000d118       0xb8 c:/devkitPro/libogc/lib/wii\libbte.a(bte.o)
                0x8000d118                l2cap_disconnected_ind
 .text.bte_process_input
                0x8000d1d0       0xf4 c:/devkitPro/libogc/lib/wii\libbte.a(bte.o)
 .text.__bte_waitcmdfinish.constprop.6
                0x8000d2c4       0x78 c:/devkitPro/libogc/lib/wii\libbte.a(bte.o)
 .text.BTE_Init
                0x8000d33c      0x108 c:/devkitPro/libogc/lib/wii\libbte.a(bte.o)
                0x8000d33c                BTE_Init
 .text.BTE_Shutdown
                0x8000d444       0x94 c:/devkitPro/libogc/lib/wii\libbte.a(bte.o)
                0x8000d444                BTE_Shutdown
 .text.BTE_InitCore
                0x8000d4d8       0x7c c:/devkitPro/libogc/lib/wii\libbte.a(bte.o)
                0x8000d4d8                BTE_InitCore
 .text.BTE_ApplyPatch
                0x8000d554       0x98 c:/devkitPro/libogc/lib/wii\libbte.a(bte.o)
                0x8000d554                BTE_ApplyPatch
 .text.BTE_InitSub
                0x8000d5ec       0x80 c:/devkitPro/libogc/lib/wii\libbte.a(bte.o)
                0x8000d5ec                BTE_InitSub
 .text.BTE_ReadStoredLinkKey
                0x8000d66c       0x80 c:/devkitPro/libogc/lib/wii\libbte.a(bte.o)
                0x8000d66c                BTE_ReadStoredLinkKey
 .text.BTE_SetDisconnectCallback
                0x8000d6ec       0x20 c:/devkitPro/libogc/lib/wii\libbte.a(bte.o)
                0x8000d6ec                BTE_SetDisconnectCallback
 .text.bte_new  0x8000d70c       0x4c c:/devkitPro/libogc/lib/wii\libbte.a(bte.o)
                0x8000d70c                bte_new
 .text.bte_registerdeviceasync
                0x8000d758      0x124 c:/devkitPro/libogc/lib/wii\libbte.a(bte.o)
                0x8000d758                bte_registerdeviceasync
 .text.bte_disconnect
                0x8000d87c       0x9c c:/devkitPro/libogc/lib/wii\libbte.a(bte.o)
                0x8000d87c                bte_disconnect
 .text.bte_senddata
                0x8000d918       0xb0 c:/devkitPro/libogc/lib/wii\libbte.a(bte.o)
                0x8000d918                bte_senddata
 .text.bte_arg  0x8000d9c8       0x3c c:/devkitPro/libogc/lib/wii\libbte.a(bte.o)
                0x8000d9c8                bte_arg
 .text.bte_received
                0x8000da04       0x3c c:/devkitPro/libogc/lib/wii\libbte.a(bte.o)
                0x8000da04                bte_received
 .text.bte_disconnected
                0x8000da40       0x3c c:/devkitPro/libogc/lib/wii\libbte.a(bte.o)
                0x8000da40                bte_disconnected
 .text.hci_init
                0x8000da7c       0x78 c:/devkitPro/libogc/lib/wii\libbte.a(hci.o)
                0x8000da7c                hci_init
 .text.hci_new  0x8000daf4       0x3c c:/devkitPro/libogc/lib/wii\libbte.a(hci.o)
                0x8000daf4                hci_new
 .text.hci_get_link
                0x8000db30       0x7c c:/devkitPro/libogc/lib/wii\libbte.a(hci.o)
                0x8000db30                hci_get_link
 .text.hci_close
                0x8000dbac       0xcc c:/devkitPro/libogc/lib/wii\libbte.a(hci.o)
                0x8000dbac                hci_close
 .text.hci_reset_all
                0x8000dc78       0x9c c:/devkitPro/libogc/lib/wii\libbte.a(hci.o)
                0x8000dc78                hci_reset_all
 .text.hci_arg  0x8000dd14        0xc c:/devkitPro/libogc/lib/wii\libbte.a(hci.o)
                0x8000dd14                hci_arg
 .text.hci_cmd_complete
                0x8000dd20        0xc c:/devkitPro/libogc/lib/wii\libbte.a(hci.o)
                0x8000dd20                hci_cmd_complete
 .text.hci_connection_complete
                0x8000dd2c        0xc c:/devkitPro/libogc/lib/wii\libbte.a(hci.o)
                0x8000dd2c                hci_connection_complete
 .text.hci_wlp_complete
                0x8000dd38        0xc c:/devkitPro/libogc/lib/wii\libbte.a(hci.o)
                0x8000dd38                hci_wlp_complete
 .text.hci_cmd_ass
                0x8000dd44       0x48 c:/devkitPro/libogc/lib/wii\libbte.a(hci.o)
                0x8000dd44                hci_cmd_ass
 .text.hci_reset
                0x8000dd8c       0x64 c:/devkitPro/libogc/lib/wii\libbte.a(hci.o)
                0x8000dd8c                hci_reset
 .text.hci_read_buffer_size
                0x8000ddf0       0x64 c:/devkitPro/libogc/lib/wii\libbte.a(hci.o)
                0x8000ddf0                hci_read_buffer_size
 .text.hci_read_bd_addr
                0x8000de54       0x64 c:/devkitPro/libogc/lib/wii\libbte.a(hci.o)
                0x8000de54                hci_read_bd_addr
 .text.hci_read_local_version
                0x8000deb8       0x64 c:/devkitPro/libogc/lib/wii\libbte.a(hci.o)
                0x8000deb8                hci_read_local_version
 .text.hci_read_local_features
                0x8000df1c       0x64 c:/devkitPro/libogc/lib/wii\libbte.a(hci.o)
                0x8000df1c                hci_read_local_features
 .text.hci_read_stored_link_key
                0x8000df80       0xac c:/devkitPro/libogc/lib/wii\libbte.a(hci.o)
                0x8000df80                hci_read_stored_link_key
 .text.hci_write_page_timeout
                0x8000e02c       0x7c c:/devkitPro/libogc/lib/wii\libbte.a(hci.o)
                0x8000e02c                hci_write_page_timeout
 .text.hci_write_scan_enable
                0x8000e0a8       0x6c c:/devkitPro/libogc/lib/wii\libbte.a(hci.o)
                0x8000e0a8                hci_write_scan_enable
 .text.hci_accecpt_conn_request
                0x8000e114       0x80 c:/devkitPro/libogc/lib/wii\libbte.a(hci.o)
                0x8000e114                hci_accecpt_conn_request
 .text.hci_write_local_name
                0x8000e194       0x80 c:/devkitPro/libogc/lib/wii\libbte.a(hci.o)
                0x8000e194                hci_write_local_name
 .text.hci_write_pin_type
                0x8000e214       0x6c c:/devkitPro/libogc/lib/wii\libbte.a(hci.o)
                0x8000e214                hci_write_pin_type
 .text.hci_write_inquiry_mode
                0x8000e280       0x6c c:/devkitPro/libogc/lib/wii\libbte.a(hci.o)
                0x8000e280                hci_write_inquiry_mode
 .text.hci_write_page_scan_type
                0x8000e2ec       0x6c c:/devkitPro/libogc/lib/wii\libbte.a(hci.o)
                0x8000e2ec                hci_write_page_scan_type
 .text.hci_write_inquiry_scan_type
                0x8000e358       0x6c c:/devkitPro/libogc/lib/wii\libbte.a(hci.o)
                0x8000e358                hci_write_inquiry_scan_type
 .text.hci_vendor_specific_command
                0x8000e3c4       0x8c c:/devkitPro/libogc/lib/wii\libbte.a(hci.o)
                0x8000e3c4                hci_vendor_specific_command
 .text.hci_write_link_policy_settings
                0x8000e450       0xa0 c:/devkitPro/libogc/lib/wii\libbte.a(hci.o)
                0x8000e450                hci_write_link_policy_settings
 .text.hci_pin_code_request_neg_reply
                0x8000e4f0       0x74 c:/devkitPro/libogc/lib/wii\libbte.a(hci.o)
                0x8000e4f0                hci_pin_code_request_neg_reply
 .text.hci_disconnect
                0x8000e564       0x98 c:/devkitPro/libogc/lib/wii\libbte.a(hci.o)
                0x8000e564                hci_disconnect
 .text.hci_write_cod
                0x8000e5fc       0x78 c:/devkitPro/libogc/lib/wii\libbte.a(hci.o)
                0x8000e5fc                hci_write_cod
 .text.hci_host_buffer_size
                0x8000e674       0xb4 c:/devkitPro/libogc/lib/wii\libbte.a(hci.o)
                0x8000e674                hci_host_buffer_size
 .text.hci_host_num_comp_packets
                0x8000e728       0xac c:/devkitPro/libogc/lib/wii\libbte.a(hci.o)
                0x8000e728                hci_host_num_comp_packets
 .text.lp_pdu_maxsize
                0x8000e7d4        0xc c:/devkitPro/libogc/lib/wii\libbte.a(hci.o)
                0x8000e7d4                lp_pdu_maxsize
 .text.lp_acl_write
                0x8000e7e0      0x114 c:/devkitPro/libogc/lib/wii\libbte.a(hci.o)
                0x8000e7e0                lp_acl_write
 .text.lp_write_flush_timeout
                0x8000e8f4       0xa0 c:/devkitPro/libogc/lib/wii\libbte.a(hci.o)
                0x8000e8f4                lp_write_flush_timeout
 .text.hci_event_handler
                0x8000e994      0xa6c c:/devkitPro/libogc/lib/wii\libbte.a(hci.o)
                0x8000e994                hci_event_handler
 .text.hci_acldata_handler
                0x8000f400       0xdc c:/devkitPro/libogc/lib/wii\libbte.a(hci.o)
                0x8000f400                hci_acldata_handler
 .text.l2cap_cid_alloc
                0x8000f4dc       0x4c c:/devkitPro/libogc/lib/wii\libbte.a(l2cap.o)
 .text.l2cap_init
                0x8000f528       0x60 c:/devkitPro/libogc/lib/wii\libbte.a(l2cap.o)
                0x8000f528                l2cap_init
 .text.l2cap_write
                0x8000f588       0xe0 c:/devkitPro/libogc/lib/wii\libbte.a(l2cap.o)
                0x8000f588                l2cap_write
 .text.l2cap_new
                0x8000f668       0x6c c:/devkitPro/libogc/lib/wii\libbte.a(l2cap.o)
                0x8000f668                l2cap_new
 .text.l2cap_close
                0x8000f6d4      0x15c c:/devkitPro/libogc/lib/wii\libbte.a(l2cap.o)
                0x8000f6d4                l2cap_close
 .text.l2cap_reset_all
                0x8000f830      0x104 c:/devkitPro/libogc/lib/wii\libbte.a(l2cap.o)
                0x8000f830                l2cap_reset_all
 .text.l2cap_rexmit_signal
                0x8000f934       0x10 c:/devkitPro/libogc/lib/wii\libbte.a(l2cap.o)
                0x8000f934                l2cap_rexmit_signal
 .text.l2ca_datawrite
                0x8000f944       0xe8 c:/devkitPro/libogc/lib/wii\libbte.a(l2cap.o)
                0x8000f944                l2ca_datawrite
 .text.lp_connect_ind
                0x8000fa2c        0x4 c:/devkitPro/libogc/lib/wii\libbte.a(l2cap.o)
                0x8000fa2c                lp_connect_ind
 .text.lp_disconnect_ind
                0x8000fa30       0xe4 c:/devkitPro/libogc/lib/wii\libbte.a(l2cap.o)
                0x8000fa30                lp_disconnect_ind
 .text.l2cap_disconnect_bb
                0x8000fb14       0x10 c:/devkitPro/libogc/lib/wii\libbte.a(l2cap.o)
                0x8000fb14                l2cap_disconnect_bb
 .text.l2cap_next_sigid
                0x8000fb24       0x28 c:/devkitPro/libogc/lib/wii\libbte.a(l2cap.o)
                0x8000fb24                l2cap_next_sigid
 .text.l2cap_signal
                0x8000fb4c      0x184 c:/devkitPro/libogc/lib/wii\libbte.a(l2cap.o)
                0x8000fb4c                l2cap_signal
 .text.lp_connect_cfm
                0x8000fcd0      0x130 c:/devkitPro/libogc/lib/wii\libbte.a(l2cap.o)
                0x8000fcd0                lp_connect_cfm
 .text.l2ca_disconnect_req
                0x8000fe00       0xac c:/devkitPro/libogc/lib/wii\libbte.a(l2cap.o)
                0x8000fe00                l2ca_disconnect_req
 .text.l2cap_tmr
                0x8000feac      0x1e8 c:/devkitPro/libogc/lib/wii\libbte.a(l2cap.o)
                0x8000feac                l2cap_tmr
 .text.l2ca_config_req
                0x80010094      0x108 c:/devkitPro/libogc/lib/wii\libbte.a(l2cap.o)
                0x80010094                l2ca_config_req
 .text.l2cap_process_sig
                0x8001019c     0x1078 c:/devkitPro/libogc/lib/wii\libbte.a(l2cap.o)
                0x8001019c                l2cap_process_sig
 .text.l2cap_input
                0x80011214      0x4e8 c:/devkitPro/libogc/lib/wii\libbte.a(l2cap.o)
                0x80011214                l2cap_input
 .text.l2cap_arg
                0x800116fc        0x8 c:/devkitPro/libogc/lib/wii\libbte.a(l2cap.o)
                0x800116fc                l2cap_arg
 .text.l2cap_connect_ind
                0x80011704       0xd8 c:/devkitPro/libogc/lib/wii\libbte.a(l2cap.o)
                0x80011704                l2cap_connect_ind
 .text.l2cap_disconnect_ind
                0x800117dc        0x8 c:/devkitPro/libogc/lib/wii\libbte.a(l2cap.o)
                0x800117dc                l2cap_disconnect_ind
 .text.l2cap_recv
                0x800117e4        0x8 c:/devkitPro/libogc/lib/wii\libbte.a(l2cap.o)
                0x800117e4                l2cap_recv
 .text.btmemb_init
                0x800117ec       0x40 c:/devkitPro/libogc/lib/wii\libbte.a(btmemb.o)
                0x800117ec                btmemb_init
 .text.btmemb_alloc
                0x8001182c       0x9c c:/devkitPro/libogc/lib/wii\libbte.a(btmemb.o)
                0x8001182c                btmemb_alloc
 .text.btmemb_free
                0x800118c8       0xa4 c:/devkitPro/libogc/lib/wii\libbte.a(btmemb.o)
                0x800118c8                btmemb_free
 .text.plug_holes
                0x8001196c       0xb8 c:/devkitPro/libogc/lib/wii\libbte.a(btmemr.o)
 .text.btmemr_init
                0x80011a24       0x8c c:/devkitPro/libogc/lib/wii\libbte.a(btmemr.o)
                0x80011a24                btmemr_init
 .text.btmemr_malloc
                0x80011ab0      0x164 c:/devkitPro/libogc/lib/wii\libbte.a(btmemr.o)
                0x80011ab0                btmemr_malloc
 .text.btmemr_free
                0x80011c14       0x94 c:/devkitPro/libogc/lib/wii\libbte.a(btmemr.o)
                0x80011c14                btmemr_free
 .text.btmemr_realloc
                0x80011ca8       0xf0 c:/devkitPro/libogc/lib/wii\libbte.a(btmemr.o)
                0x80011ca8                btmemr_realloc
 .text.btpbuf_init
                0x80011d98       0x2c c:/devkitPro/libogc/lib/wii\libbte.a(btpbuf.o)
                0x80011d98                btpbuf_init
 .text.btpbuf_free
                0x80011dc4       0xc4 c:/devkitPro/libogc/lib/wii\libbte.a(btpbuf.o)
                0x80011dc4                btpbuf_free
 .text.btpbuf_alloc
                0x80011e88      0x1d0 c:/devkitPro/libogc/lib/wii\libbte.a(btpbuf.o)
                0x80011e88                btpbuf_alloc
 .text.btpbuf_realloc
                0x80012058       0xa4 c:/devkitPro/libogc/lib/wii\libbte.a(btpbuf.o)
                0x80012058                btpbuf_realloc
 .text.btpbuf_header
                0x800120fc       0x98 c:/devkitPro/libogc/lib/wii\libbte.a(btpbuf.o)
                0x800120fc                btpbuf_header
 .text.btpbuf_ref
                0x80012194       0x4c c:/devkitPro/libogc/lib/wii\libbte.a(btpbuf.o)
                0x80012194                btpbuf_ref
 .text.btpbuf_cat
                0x800121e0       0x48 c:/devkitPro/libogc/lib/wii\libbte.a(btpbuf.o)
                0x800121e0                btpbuf_cat
 .text.btpbuf_chain
                0x80012228       0x34 c:/devkitPro/libogc/lib/wii\libbte.a(btpbuf.o)
                0x80012228                btpbuf_chain
 .text.btpbuf_dechain
                0x8001225c       0x60 c:/devkitPro/libogc/lib/wii\libbte.a(btpbuf.o)
                0x8001225c                btpbuf_dechain
 .text.btpbuf_take
                0x800122bc       0xe8 c:/devkitPro/libogc/lib/wii\libbte.a(btpbuf.o)
                0x800122bc                btpbuf_take
 .text.__usb_closeCB
                0x800123a4       0x10 c:/devkitPro/libogc/lib/wii\libbte.a(physbusif.o)
 .text.__writebulkmsgCB
                0x800123b4       0x34 c:/devkitPro/libogc/lib/wii\libbte.a(physbusif.o)
 .text.__writectrlmsgCB
                0x800123e8       0x34 c:/devkitPro/libogc/lib/wii\libbte.a(physbusif.o)
 .text.__initUsbIOBuffer
                0x8001241c       0x78 c:/devkitPro/libogc/lib/wii\libbte.a(physbusif.o)
 .text.__issue_intrread.part.0
                0x80012494       0x7c c:/devkitPro/libogc/lib/wii\libbte.a(physbusif.o)
 .text.__readintrdataCB
                0x80012510       0xf0 c:/devkitPro/libogc/lib/wii\libbte.a(physbusif.o)
 .text.__issue_bulkread.part.2
                0x80012600       0x7c c:/devkitPro/libogc/lib/wii\libbte.a(physbusif.o)
 .text.__readbulkdataCB
                0x8001267c       0xf0 c:/devkitPro/libogc/lib/wii\libbte.a(physbusif.o)
 .text.physbusif_init
                0x8001276c      0x15c c:/devkitPro/libogc/lib/wii\libbte.a(physbusif.o)
                0x8001276c                physbusif_init
 .text.physbusif_close
                0x800128c8       0x28 c:/devkitPro/libogc/lib/wii\libbte.a(physbusif.o)
                0x800128c8                physbusif_close
 .text.physbusif_shutdown
                0x800128f0       0x40 c:/devkitPro/libogc/lib/wii\libbte.a(physbusif.o)
                0x800128f0                physbusif_shutdown
 .text.physbusif_reset_all
                0x80012930        0x4 c:/devkitPro/libogc/lib/wii\libbte.a(physbusif.o)
                0x80012930                physbusif_reset_all
 .text.physbusif_output
                0x80012934      0x140 c:/devkitPro/libogc/lib/wii\libbte.a(physbusif.o)
                0x80012934                physbusif_output
 .text.__console_clear_line
                0x80012a74       0x94 c:/devkitPro/libogc/lib/wii\libogc.a(console.o)
 .text.__console_clear
                0x80012b08       0x58 c:/devkitPro/libogc/lib/wii\libogc.a(console.o)
 .text.__console_write
                0x80012b60      0x680 c:/devkitPro/libogc/lib/wii\libogc.a(console.o)
                0x80012b60                __console_write
 .text.__console_init
                0x800131e0      0x100 c:/devkitPro/libogc/lib/wii\libogc.a(console.o)
                0x800131e0                __console_init
 .text.CON_Init
                0x800132e0        0x4 c:/devkitPro/libogc/lib/wii\libogc.a(console.o)
                0x800132e0                CON_Init
 .text.CON_EnableGecko
                0x800132e4       0xa0 c:/devkitPro/libogc/lib/wii\libogc.a(console.o)
                0x800132e4                CON_EnableGecko
 .text.__lwp_queue_initialize
                0x80013384       0x3c c:/devkitPro/libogc/lib/wii\libogc.a(lwp_queue.o)
                0x80013384                __lwp_queue_initialize
 .text.__lwp_queue_get
                0x800133c0       0x64 c:/devkitPro/libogc/lib/wii\libogc.a(lwp_queue.o)
                0x800133c0                __lwp_queue_get
 .text.__lwp_queue_append
                0x80013424       0x50 c:/devkitPro/libogc/lib/wii\libogc.a(lwp_queue.o)
                0x80013424                __lwp_queue_append
 .text.__lwp_priomap_addto
                0x80013474       0x28 c:/devkitPro/libogc/lib/wii\libogc.a(lwp_threads.o)
 .text.__lwp_thread_calcheir
                0x8001349c       0x3c c:/devkitPro/libogc/lib/wii\libogc.a(lwp_threads.o)
 .text.__lwp_thread_dispatchunnest
                0x800134d8       0x10 c:/devkitPro/libogc/lib/wii\libogc.a(lwp_threads.o)
 .text.__lwp_priomap_removefrom
                0x800134e8       0x38 c:/devkitPro/libogc/lib/wii\libogc.a(lwp_threads.o)
 .text.__lwp_wd_insert_ticks.constprop.4
                0x80013520       0x60 c:/devkitPro/libogc/lib/wii\libogc.a(lwp_threads.o)
 .text.__lwp_isr_in_progress
                0x80013580        0x8 c:/devkitPro/libogc/lib/wii\libogc.a(lwp_threads.o)
                0x80013580                __lwp_isr_in_progress
 .text.__thread_dispatch_fp
                0x80013588       0x7c c:/devkitPro/libogc/lib/wii\libogc.a(lwp_threads.o)
                0x80013588                __thread_dispatch_fp
 .text.__thread_dispatch
                0x80013604       0xe0 c:/devkitPro/libogc/lib/wii\libogc.a(lwp_threads.o)
                0x80013604                __thread_dispatch
 .text.__lwp_thread_dispatchenable
                0x800136e4       0x18 c:/devkitPro/libogc/lib/wii\libogc.a(lwp_threads.o)
 .text.__lwp_thread_resettimeslice
                0x800136fc       0xcc c:/devkitPro/libogc/lib/wii\libogc.a(lwp_threads.o)
                0x800136fc                __lwp_thread_resettimeslice
 .text.__lwp_thread_tickle_timeslice
                0x800137c8       0x80 c:/devkitPro/libogc/lib/wii\libogc.a(lwp_threads.o)
                0x800137c8                __lwp_thread_tickle_timeslice
 .text.__lwp_thread_setstate
                0x80013848       0xf8 c:/devkitPro/libogc/lib/wii\libogc.a(lwp_threads.o)
                0x80013848                __lwp_thread_setstate
 .text.__lwp_thread_clearstate
                0x80013940       0xe8 c:/devkitPro/libogc/lib/wii\libogc.a(lwp_threads.o)
                0x80013940                __lwp_thread_clearstate
 .text.__lwp_thread_delayended
                0x80013a28       0x4c c:/devkitPro/libogc/lib/wii\libogc.a(lwp_threads.o)
                0x80013a28                __lwp_thread_delayended
 .text.__lwp_thread_setpriority
                0x80013a74       0x5c c:/devkitPro/libogc/lib/wii\libogc.a(lwp_threads.o)
                0x80013a74                __lwp_thread_setpriority
 .text.__lwp_thread_settransient
                0x80013ad0       0xa8 c:/devkitPro/libogc/lib/wii\libogc.a(lwp_threads.o)
                0x80013ad0                __lwp_thread_settransient
 .text.__lwp_thread_changepriority
                0x80013b78      0x118 c:/devkitPro/libogc/lib/wii\libogc.a(lwp_threads.o)
                0x80013b78                __lwp_thread_changepriority
 .text.__lwp_thread_loadenv
                0x80013c90       0x78 c:/devkitPro/libogc/lib/wii\libogc.a(lwp_threads.o)
                0x80013c90                __lwp_thread_loadenv
 .text.__lwp_thread_ready
                0x80013d08       0xc0 c:/devkitPro/libogc/lib/wii\libogc.a(lwp_threads.o)
                0x80013d08                __lwp_thread_ready
 .text.__lwp_thread_init
                0x80013dc8       0xf8 c:/devkitPro/libogc/lib/wii\libogc.a(lwp_threads.o)
                0x80013dc8                __lwp_thread_init
 .text.__lwp_thread_close
                0x80013ec0      0x108 c:/devkitPro/libogc/lib/wii\libogc.a(lwp_threads.o)
                0x80013ec0                __lwp_thread_close
 .text.__lwp_thread_closeall
                0x80013fc8       0x9c c:/devkitPro/libogc/lib/wii\libogc.a(lwp_threads.o)
                0x80013fc8                __lwp_thread_closeall
 .text.__lwp_thread_exit
                0x80014064       0x38 c:/devkitPro/libogc/lib/wii\libogc.a(lwp_threads.o)
                0x80014064                __lwp_thread_exit
 .text.__lwp_thread_handler
                0x8001409c       0x68 c:/devkitPro/libogc/lib/wii\libogc.a(lwp_threads.o)
 .text.__lwp_thread_start
                0x80014104       0x58 c:/devkitPro/libogc/lib/wii\libogc.a(lwp_threads.o)
                0x80014104                __lwp_thread_start
 .text.__lwp_thread_startmultitasking
                0x8001415c       0x64 c:/devkitPro/libogc/lib/wii\libogc.a(lwp_threads.o)
                0x8001415c                __lwp_thread_startmultitasking
 .text.__lwp_thread_stopmultitasking
                0x800141c0       0x5c c:/devkitPro/libogc/lib/wii\libogc.a(lwp_threads.o)
                0x800141c0                __lwp_thread_stopmultitasking
 .text.__lwp_thread_coreinit
                0x8001421c       0xd8 c:/devkitPro/libogc/lib/wii\libogc.a(lwp_threads.o)
                0x8001421c                __lwp_thread_coreinit
 .text.__lwp_objmgr_open
                0x800142f4       0x20 c:/devkitPro/libogc/lib/wii\libogc.a(lwp.o)
 .text.__lwp_thread_dispatchdisable
                0x80014314       0x10 c:/devkitPro/libogc/lib/wii\libogc.a(lwp.o)
 .text.idle_func
                0x80014324        0x4 c:/devkitPro/libogc/lib/wii\libogc.a(lwp.o)
 .text.__lwp_thread_dispatchenable
                0x80014328       0x34 c:/devkitPro/libogc/lib/wii\libogc.a(lwp.o)
 .text.__lwp_tqueue_open
                0x8001435c       0x48 c:/devkitPro/libogc/lib/wii\libogc.a(lwp.o)
 .text.__lwp_sysinit
                0x800143a4       0xec c:/devkitPro/libogc/lib/wii\libogc.a(lwp.o)
                0x800143a4                __lwp_sysinit
 .text.LWP_InitQueue
                0x80014490       0x84 c:/devkitPro/libogc/lib/wii\libogc.a(lwp.o)
                0x80014490                LWP_InitQueue
 .text.LWP_CloseQueue
                0x80014514       0x68 c:/devkitPro/libogc/lib/wii\libogc.a(lwp.o)
                0x80014514                LWP_CloseQueue
 .text.LWP_ThreadSleep
                0x8001457c       0xa0 c:/devkitPro/libogc/lib/wii\libogc.a(lwp.o)
                0x8001457c                LWP_ThreadSleep
 .text.LWP_ThreadBroadcast
                0x8001461c       0x50 c:/devkitPro/libogc/lib/wii\libogc.a(lwp.o)
                0x8001461c                LWP_ThreadBroadcast
 .text.LWP_ThreadSignal
                0x8001466c       0x40 c:/devkitPro/libogc/lib/wii\libogc.a(lwp.o)
                0x8001466c                LWP_ThreadSignal
 .text.__lwp_stack_allocate
                0x800146ac       0x50 c:/devkitPro/libogc/lib/wii\libogc.a(lwp_stack.o)
                0x800146ac                __lwp_stack_allocate
 .text.__lwp_stack_free
                0x800146fc       0x3c c:/devkitPro/libogc/lib/wii\libogc.a(lwp_stack.o)
                0x800146fc                __lwp_stack_free
 .text.__lwp_wd_settimer.isra.3
                0x80014738       0xb4 c:/devkitPro/libogc/lib/wii\libogc.a(lwp_watchdog.o)
 .text.__lwp_watchdog_init
                0x800147ec       0x2c c:/devkitPro/libogc/lib/wii\libogc.a(lwp_watchdog.o)
                0x800147ec                __lwp_watchdog_init
 .text.__lwp_wd_insert
                0x80014818      0x150 c:/devkitPro/libogc/lib/wii\libogc.a(lwp_watchdog.o)
                0x80014818                __lwp_wd_insert
 .text.__lwp_wd_remove
                0x80014968       0xd0 c:/devkitPro/libogc/lib/wii\libogc.a(lwp_watchdog.o)
                0x80014968                __lwp_wd_remove
 .text.__lwp_wd_tickle
                0x80014a38       0xfc c:/devkitPro/libogc/lib/wii\libogc.a(lwp_watchdog.o)
                0x80014a38                __lwp_wd_tickle
 .text.__lwp_wkspace_init
                0x80014b34       0xa0 c:/devkitPro/libogc/lib/wii\libogc.a(lwp_wkspace.o)
                0x80014b34                __lwp_wkspace_init
 .text.__lwp_objmgr_initinfo
                0x80014bd4      0x148 c:/devkitPro/libogc/lib/wii\libogc.a(lwp_objmgr.o)
                0x80014bd4                __lwp_objmgr_initinfo
 .text.__lwp_objmgr_getisrdisable
                0x80014d1c       0x68 c:/devkitPro/libogc/lib/wii\libogc.a(lwp_objmgr.o)
                0x80014d1c                __lwp_objmgr_getisrdisable
 .text.__lwp_objmgr_getnoprotection
                0x80014d84       0x24 c:/devkitPro/libogc/lib/wii\libogc.a(lwp_objmgr.o)
                0x80014d84                __lwp_objmgr_getnoprotection
 .text.__lwp_objmgr_get
                0x80014da8       0x68 c:/devkitPro/libogc/lib/wii\libogc.a(lwp_objmgr.o)
                0x80014da8                __lwp_objmgr_get
 .text.__lwp_objmgr_allocate
                0x80014e10       0x78 c:/devkitPro/libogc/lib/wii\libogc.a(lwp_objmgr.o)
                0x80014e10                __lwp_objmgr_allocate
 .text.__lwp_objmgr_free
                0x80014e88       0x60 c:/devkitPro/libogc/lib/wii\libogc.a(lwp_objmgr.o)
                0x80014e88                __lwp_objmgr_free
 .text.__lwp_heap_init
                0x80014ee8       0xb0 c:/devkitPro/libogc/lib/wii\libogc.a(lwp_heap.o)
                0x80014ee8                __lwp_heap_init
 .text.__lwp_heap_allocate
                0x80014f98      0x130 c:/devkitPro/libogc/lib/wii\libogc.a(lwp_heap.o)
                0x80014f98                __lwp_heap_allocate
 .text.__lwp_heap_free
                0x800150c8      0x1d8 c:/devkitPro/libogc/lib/wii\libogc.a(lwp_heap.o)
                0x800150c8                __lwp_heap_free
 .text.__SetInterrupts
                0x800152a0      0x288 c:/devkitPro/libogc/lib/wii\libogc.a(irq.o)
 .text.c_irqdispatcher
                0x80015528      0x28c c:/devkitPro/libogc/lib/wii\libogc.a(irq.o)
                0x80015528                c_irqdispatcher
 .text.__UnmaskIrq
                0x800157b4       0x7c c:/devkitPro/libogc/lib/wii\libogc.a(irq.o)
                0x800157b4                __UnmaskIrq
 .text.__MaskIrq
                0x80015830       0x7c c:/devkitPro/libogc/lib/wii\libogc.a(irq.o)
                0x80015830                __MaskIrq
 .text.__irq_init
                0x800158ac       0x94 c:/devkitPro/libogc/lib/wii\libogc.a(irq.o)
                0x800158ac                __irq_init
 .text.IRQ_Request
                0x80015940       0x54 c:/devkitPro/libogc/lib/wii\libogc.a(irq.o)
                0x80015940                IRQ_Request
 .text.IRQ_GetHandler
                0x80015994       0x48 c:/devkitPro/libogc/lib/wii\libogc.a(irq.o)
                0x80015994                IRQ_GetHandler
 .text.IRQ_Disable
                0x800159dc       0x24 c:/devkitPro/libogc/lib/wii\libogc.a(irq.o)
                0x800159dc                IRQ_Disable
 .text.IRQ_Restore
                0x80015a00       0x1c c:/devkitPro/libogc/lib/wii\libogc.a(irq.o)
                0x80015a00                IRQ_Restore
 .text.__viOpenI2C
                0x80015a1c       0x24 c:/devkitPro/libogc/lib/wii\libogc.a(video.o)
 .text.__viSetSCL
                0x80015a40       0x24 c:/devkitPro/libogc/lib/wii\libogc.a(video.o)
 .text.__viSetSDA
                0x80015a64       0x24 c:/devkitPro/libogc/lib/wii\libogc.a(video.o)
 .text.__setVerticalRegs
                0x80015a88       0xc0 c:/devkitPro/libogc/lib/wii\libogc.a(video.o)
 .text.__adjustPosition
                0x80015b48      0x174 c:/devkitPro/libogc/lib/wii\libogc.a(video.o)
 .text.__getCurrentHalfLine
                0x80015cbc       0x58 c:/devkitPro/libogc/lib/wii\libogc.a(video.o)
 .text.__setFbbRegs.constprop.3
                0x80015d14      0x1e8 c:/devkitPro/libogc/lib/wii\libogc.a(video.o)
 .text.__VISendI2CData.constprop.5
                0x80015efc      0x278 c:/devkitPro/libogc/lib/wii\libogc.a(video.o)
 .text.__VIWriteI2CRegister8
                0x80016174       0x38 c:/devkitPro/libogc/lib/wii\libogc.a(video.o)
 .text.__VISetYUVSEL
                0x800161ac       0x54 c:/devkitPro/libogc/lib/wii\libogc.a(video.o)
 .text.__VIWriteI2CRegisterBuf
                0x80016200       0x48 c:/devkitPro/libogc/lib/wii\libogc.a(video.o)
 .text.__VIWriteI2CRegister16
                0x80016248       0x40 c:/devkitPro/libogc/lib/wii\libogc.a(video.o)
 .text.VIDEO_Configure
                0x80016288      0x3e4 c:/devkitPro/libogc/lib/wii\libogc.a(video.o)
                0x80016288                VIDEO_Configure
 .text.VIDEO_WaitVSync
                0x8001666c       0x68 c:/devkitPro/libogc/lib/wii\libogc.a(video.o)
                0x8001666c                VIDEO_WaitVSync
 .text.VIDEO_SetFramebuffer
                0x800166d4       0xfc c:/devkitPro/libogc/lib/wii\libogc.a(video.o)
                0x800166d4                VIDEO_SetFramebuffer
 .text.VIDEO_SetNextFramebuffer
                0x800167d0       0x64 c:/devkitPro/libogc/lib/wii\libogc.a(video.o)
                0x800167d0                VIDEO_SetNextFramebuffer
 .text.VIDEO_Flush
                0x80016834       0xf8 c:/devkitPro/libogc/lib/wii\libogc.a(video.o)
                0x80016834                VIDEO_Flush
 .text.VIDEO_SetBlack
                0x8001692c       0x88 c:/devkitPro/libogc/lib/wii\libogc.a(video.o)
                0x8001692c                VIDEO_SetBlack
 .text.VIDEO_GetCurrentTvMode
                0x800169b4       0x70 c:/devkitPro/libogc/lib/wii\libogc.a(video.o)
                0x800169b4                VIDEO_GetCurrentTvMode
 .text.VIDEO_Init
                0x80016a24      0x554 c:/devkitPro/libogc/lib/wii\libogc.a(video.o)
                0x80016a24                VIDEO_Init
 .text.__VIRetraceHandler
                0x80016f78      0x1f8 c:/devkitPro/libogc/lib/wii\libogc.a(video.o)
 .text.VIDEO_GetPreferredMode
                0x80017170       0xf8 c:/devkitPro/libogc/lib/wii\libogc.a(video.o)
                0x80017170                VIDEO_GetPreferredMode
 .text.VIDEO_GetCurrentLine
                0x80017268       0x68 c:/devkitPro/libogc/lib/wii\libogc.a(video.o)
                0x80017268                VIDEO_GetCurrentLine
 .text.VIDEO_GetFrameBufferSize
                0x800172d0       0x30 c:/devkitPro/libogc/lib/wii\libogc.a(video.o)
                0x800172d0                VIDEO_GetFrameBufferSize
 .text.__call_resetfuncs
                0x80017300       0x8c c:/devkitPro/libogc/lib/wii\libogc.a(system.o)
 .text.__RSWDefaultHandler
                0x8001738c        0x4 c:/devkitPro/libogc/lib/wii\libogc.a(system.o)
 .text.__POWDefaultHandler
                0x80017390        0x4 c:/devkitPro/libogc/lib/wii\libogc.a(system.o)
 .text.__locksram
                0x80017394       0x68 c:/devkitPro/libogc/lib/wii\libogc.a(system.o)
 .text.__lwp_thread_dispatchenable
                0x800173fc       0x34 c:/devkitPro/libogc/lib/wii\libogc.a(system.o)
 .text.__lwp_wd_insert_ticks
                0x80017430       0x68 c:/devkitPro/libogc/lib/wii\libogc.a(system.o)
 .text.__lwp_syswd_open
                0x80017498       0x48 c:/devkitPro/libogc/lib/wii\libogc.a(system.o)
 .text.__sys_alarmhandler
                0x800174e0       0x94 c:/devkitPro/libogc/lib/wii\libogc.a(system.o)
 .text.__sram_write
                0x80017574       0xfc c:/devkitPro/libogc/lib/wii\libogc.a(system.o)
 .text.__unlocksram
                0x80017670      0x100 c:/devkitPro/libogc/lib/wii\libogc.a(system.o)
 .text.__sram_writecallback
                0x80017770       0x4c c:/devkitPro/libogc/lib/wii\libogc.a(system.o)
 .text.__sram_init
                0x800177bc      0x130 c:/devkitPro/libogc/lib/wii\libogc.a(system.o)
                0x800177bc                __sram_init
 .text.__SYS_LockSramEx
                0x800178ec        0x8 c:/devkitPro/libogc/lib/wii\libogc.a(system.o)
                0x800178ec                __SYS_LockSramEx
 .text.__SYS_UnlockSramEx
                0x800178f4        0x8 c:/devkitPro/libogc/lib/wii\libogc.a(system.o)
                0x800178f4                __SYS_UnlockSramEx
 .text.__SYS_GetIPCBufferLo
                0x800178fc        0x8 c:/devkitPro/libogc/lib/wii\libogc.a(system.o)
                0x800178fc                __SYS_GetIPCBufferLo
 .text.__SYS_GetIPCBufferHi
                0x80017904        0x8 c:/devkitPro/libogc/lib/wii\libogc.a(system.o)
                0x80017904                __SYS_GetIPCBufferHi
 .text._V_EXPORTNAME
                0x8001790c       0x1c c:/devkitPro/libogc/lib/wii\libogc.a(system.o)
                0x8001790c                _V_EXPORTNAME
 .text.__SYS_DoPowerCB
                0x80017928       0x68 c:/devkitPro/libogc/lib/wii\libogc.a(system.o)
                0x80017928                __SYS_DoPowerCB
 .text.__SYS_InitCallbacks
                0x80017990       0x24 c:/devkitPro/libogc/lib/wii\libogc.a(system.o)
                0x80017990                __SYS_InitCallbacks
 .text.__SYS_PreInit
                0x800179b4        0x4 c:/devkitPro/libogc/lib/wii\libogc.a(system.o)
                0x800179b4                __SYS_PreInit
 .text.SYS_PreMain
                0x800179b8       0x50 c:/devkitPro/libogc/lib/wii\libogc.a(system.o)
                0x800179b8                SYS_PreMain
 .text.SYS_ResetButtonDown
                0x80017a08       0x1c c:/devkitPro/libogc/lib/wii\libogc.a(system.o)
                0x80017a08                SYS_ResetButtonDown
 .text.__STMEventHandler
                0x80017a24       0xac c:/devkitPro/libogc/lib/wii\libogc.a(system.o)
 .text.SYS_ResetSystem
                0x80017ad0      0x1f4 c:/devkitPro/libogc/lib/wii\libogc.a(system.o)
                0x80017ad0                SYS_ResetSystem
 .text.__libogc_exit
                0x80017cc4       0x84 c:/devkitPro/libogc/lib/wii\libogc.a(system.o)
                0x80017cc4                __libogc_exit
 .text.__reload
                0x80017d48       0x7c c:/devkitPro/libogc/lib/wii\libogc.a(system.o)
                0x80017d48                __reload
 .text.SYS_RegisterResetFunc
                0x80017dc4       0x80 c:/devkitPro/libogc/lib/wii\libogc.a(system.o)
                0x80017dc4                SYS_RegisterResetFunc
 .text.SYS_SetArena1Lo
                0x80017e44       0x3c c:/devkitPro/libogc/lib/wii\libogc.a(system.o)
                0x80017e44                SYS_SetArena1Lo
 .text.SYS_GetArena1Lo
                0x80017e80       0x3c c:/devkitPro/libogc/lib/wii\libogc.a(system.o)
                0x80017e80                SYS_GetArena1Lo
 .text.SYS_SetArena1Hi
                0x80017ebc       0x3c c:/devkitPro/libogc/lib/wii\libogc.a(system.o)
                0x80017ebc                SYS_SetArena1Hi
 .text.SYS_GetArena1Hi
                0x80017ef8       0x3c c:/devkitPro/libogc/lib/wii\libogc.a(system.o)
                0x80017ef8                SYS_GetArena1Hi
 .text.SYS_SetArena2Lo
                0x80017f34       0x3c c:/devkitPro/libogc/lib/wii\libogc.a(system.o)
                0x80017f34                SYS_SetArena2Lo
 .text.SYS_GetArena2Lo
                0x80017f70       0x3c c:/devkitPro/libogc/lib/wii\libogc.a(system.o)
                0x80017f70                SYS_GetArena2Lo
 .text.SYS_SetArena2Hi
                0x80017fac       0x3c c:/devkitPro/libogc/lib/wii\libogc.a(system.o)